target_dir: /root/workspace/daily/2026-04-11-00/pto-isa/tests/npu/kirin9030/src/st
[  2%] Building CXX object testcase/tmatmul/CMakeFiles/tmatmul_kernel.dir/tmatmul_kernel.cpp.o

[  2%] Building CXX object testcase/ttrans/CMakeFiles/ttrans_kernel.dir/ttrans_kernel.cpp.o

[  3%] Building CXX object testcase/tmrgsort/CMakeFiles/tmrgsort_kernel.dir/tmrgsort_kernel.cpp.o

[  3%] Building CXX object testcase/tstore/CMakeFiles/tstore_kernel.dir/tstore_kernel.cpp.o

[  4%] Building CXX object testcase/textract/CMakeFiles/textract_kernel.dir/textract_kernel.cpp.o

[  5%] Building CXX object testcase/tload/CMakeFiles/tload_kernel.dir/tload_kernel.cpp.o

[  6%] Building CXX object testcase/trowsum/CMakeFiles/trowsum_kernel.dir/trowsum_kernel.cpp.o

[  7%] Building CXX object testcase/tcolsum/CMakeFiles/tcolsum_kernel.dir/tcolsum_kernel.cpp.o

In file included from /root/workspace/daily/2026-04-11-00/pto-isa/tests/npu/kirin9030/src/st/testcase/tstore/tstore_kernel.cpp:11:

In file included from /root/workspace/daily/2026-04-11-00/pto-isa/tests/npu/kirin9030/src/st/../../../../../include/pto/pto-inst.hpp:23:

In file included from /root/workspace/daily/2026-04-11-00/pto-isa/tests/npu/kirin9030/src/st/../../../../../include/pto/common/pto_instr.hpp:18:

In file included from /root/workspace/daily/2026-04-11-00/pto-isa/tests/npu/kirin9030/src/st/../../../../../include/pto/common/pto_instr_impl.hpp:227:

In file included from /root/workspace/daily/2026-04-11-00/pto-isa/tests/npu/kirin9030/src/st/../../../../../include/pto/npu/kirin9030/header.hpp:46:

In file included from /root/workspace/daily/2026-04-11-00/pto-isa/tests/npu/kirin9030/src/st/../../../../../include/pto/npu/kirin9030/TRsqrt.hpp:12:

In file included from /root/workspace/daily/2026-04-11-00/pto-isa/tests/npu/kirin9030/src/st/../../../../../include/pto/npu/a5/TRsqrt.hpp:19:

/root/workspace/daily/2026-04-11-00/pto-isa/tests/npu/kirin9030/src/st/../../../../../include/pto/npu/a5/custom/TSqrtHp.hpp:18:5: error: unknown type name 'HalfUnion'

In file included from /root/workspace/daily/2026-04-11-00/pto-isa/tests/npu/kirin9030/src/st/testcase/trowsum/trowsum_kernel.cpp:11:

In file included from /root/workspace/daily/2026-04-11-00/pto-isa/tests/npu/kirin9030/src/st/../../../../../include/pto/pto-inst.hpp:23:

In file included from /root/workspace/daily/2026-04-11-00/pto-isa/tests/npu/kirin9030/src/st/../../../../../include/pto/common/pto_instr.hpp:18:

In file included from /root/workspace/daily/2026-04-11-00/pto-isa/tests/npu/kirin9030/src/st/../../../../../include/pto/common/pto_instr_impl.hpp:227:

In file included from /root/workspace/daily/2026-04-11-00/pto-isa/tests/npu/kirin9030/src/st/../../../../../include/pto/npu/kirin9030/header.hpp:46:

In file included from /root/workspace/daily/2026-04-11-00/pto-isa/tests/npu/kirin9030/src/st/../../../../../include/pto/npu/kirin9030/TRsqrt.hpp:12:

In file included from /root/workspace/daily/2026-04-11-00/pto-isa/tests/npu/kirin9030/src/st/../../../../../include/pto/npu/a5/TRsqrt.hpp:19:

/root/workspace/daily/2026-04-11-00/pto-isa/tests/npu/kirin9030/src/st/../../../../../include/pto/npu/a5/custom/TSqrtHp.hpp:18:5: error: unknown type name 'HalfUnion'

    HalfUnion multiplyFactor0;

    ^

    HalfUnion multiplyFactor0;

    ^

/root/workspace/daily/2026-04-11-00/pto-isa/tests/npu/kirin9030/src/st/../../../../../include/pto/npu/a5/custom/TSqrtHp.hpp:20:5: error: unknown type name 'HalfUnion'

    HalfUnion multiplyFactor1;

    ^

/root/workspace/daily/2026-04-11-00/pto-isa/tests/npu/kirin9030/src/st/../../../../../include/pto/npu/a5/custom/TSqrtHp.hpp:20:5: error: unknown type name 'HalfUnion'

    HalfUnion multiplyFactor1;

    ^

/root/workspace/daily/2026-04-11-00/pto-isa/tests/npu/kirin9030/src/st/../../../../../include/pto/npu/a5/custom/TSqrtHp.hpp:22:5: error: unknown type name 'HalfUnion'

    HalfUnion subnormalThreshold;

    ^

In file included from /root/workspace/daily/2026-04-11-00/pto-isa/tests/npu/kirin9030/src/st/testcase/textract/textract_kernel.cpp:11:

In file included from /root/workspace/daily/2026-04-11-00/pto-isa/tests/npu/kirin9030/src/st/../../../../../include/pto/pto-inst.hpp:23:

In file included from /root/workspace/daily/2026-04-11-00/pto-isa/tests/npu/kirin9030/src/st/../../../../../include/pto/common/pto_instr.hpp:18:

In file included from /root/workspace/daily/2026-04-11-00/pto-isa/tests/npu/kirin9030/src/st/../../../../../include/pto/common/pto_instr_impl.hpp:227:

In file included from /root/workspace/daily/2026-04-11-00/pto-isa/tests/npu/kirin9030/src/st/../../../../../include/pto/npu/kirin9030/header.hpp:46:

In file included from /root/workspace/daily/2026-04-11-00/pto-isa/tests/npu/kirin9030/src/st/../../../../../include/pto/npu/kirin9030/TRsqrt.hpp:12:

In file included from /root/workspace/daily/2026-04-11-00/pto-isa/tests/npu/kirin9030/src/st/../../../../../include/pto/npu/a5/TRsqrt.hpp:19:

/root/workspace/daily/2026-04-11-00/pto-isa/tests/npu/kirin9030/src/st/../../../../../include/pto/npu/a5/custom/TSqrtHp.hpp:18:5: error: unknown type name 'HalfUnion'

    HalfUnion multiplyFactor0;

    ^

/root/workspace/daily/2026-04-11-00/pto-isa/tests/npu/kirin9030/src/st/../../../../../include/pto/npu/a5/custom/TSqrtHp.hpp:20:5: error: unknown type name 'HalfUnion'

    HalfUnion multiplyFactor1;

    ^

/root/workspace/daily/2026-04-11-00/pto-isa/tests/npu/kirin9030/src/st/../../../../../include/pto/npu/a5/custom/TSqrtHp.hpp:22:5: error: unknown type name 'HalfUnion'

    HalfUnion subnormalThreshold;

    ^

/root/workspace/daily/2026-04-11-00/pto-isa/tests/npu/kirin9030/src/st/../../../../../include/pto/npu/a5/custom/TSqrtHp.hpp:22:5: error: unknown type name 'HalfUnion'

    HalfUnion subnormalThreshold;

    ^

In file included from /root/workspace/daily/2026-04-11-00/pto-isa/tests/npu/kirin9030/src/st/testcase/tload/tload_kernel.cpp:11:

In file included from /root/workspace/daily/2026-04-11-00/pto-isa/tests/npu/kirin9030/src/st/../../../../../include/pto/pto-inst.hpp:23:

In file included from /root/workspace/daily/2026-04-11-00/pto-isa/tests/npu/kirin9030/src/st/../../../../../include/pto/common/pto_instr.hpp:18:

In file included from /root/workspace/daily/2026-04-11-00/pto-isa/tests/npu/kirin9030/src/st/../../../../../include/pto/common/pto_instr_impl.hpp:227:

In file included from /root/workspace/daily/2026-04-11-00/pto-isa/tests/npu/kirin9030/src/st/../../../../../include/pto/npu/kirin9030/header.hpp:46:

In file included from /root/workspace/daily/2026-04-11-00/pto-isa/tests/npu/kirin9030/src/st/../../../../../include/pto/npu/kirin9030/TRsqrt.hpp:12:

In file included from /root/workspace/daily/2026-04-11-00/pto-isa/tests/npu/kirin9030/src/st/../../../../../include/pto/npu/a5/TRsqrt.hpp:19:

/root/workspace/daily/2026-04-11-00/pto-isa/tests/npu/kirin9030/src/st/../../../../../include/pto/npu/a5/custom/TSqrtHp.hpp:18:5: error: unknown type name 'HalfUnion'

    HalfUnion multiplyFactor0;

    ^

/root/workspace/daily/2026-04-11-00/pto-isa/tests/npu/kirin9030/src/st/../../../../../include/pto/npu/a5/custom/TSqrtHp.hpp:20:5: error: unknown type name 'HalfUnion'

    HalfUnion multiplyFactor1;

    ^

/root/workspace/daily/2026-04-11-00/pto-isa/tests/npu/kirin9030/src/st/../../../../../include/pto/npu/a5/custom/TSqrtHp.hpp:22:5: error: unknown type name 'HalfUnion'

    HalfUnion subnormalThreshold;

    ^

In file included from /root/workspace/daily/2026-04-11-00/pto-isa/tests/npu/kirin9030/src/st/testcase/tstore/tstore_kernel.cpp:11:

In file included from /root/workspace/daily/2026-04-11-00/pto-isa/tests/npu/kirin9030/src/st/../../../../../include/pto/pto-inst.hpp:23:

/root/workspace/daily/2026-04-11-00/pto-isa/tests/npu/kirin9030/src/st/../../../../../include/pto/common/pto_instr.hpp:729:5: warning: use of function template name with no prior declaration in function call with explicit template arguments is a C++20 extension [-Wc++20-extensions]

    TIMG2COL_IMPL<TileData, ConvTileData, FmatrixMode>(dst, src, posM, posK);

    ^

/root/workspace/daily/2026-04-11-00/pto-isa/tests/npu/kirin9030/src/st/../../../../../include/pto/common/pto_instr.hpp:737:5: warning: use of function template name with no prior declaration in function call with explicit template arguments is a C++20 extension [-Wc++20-extensions]

    TSETFMATRIX_IMPL<ConvTileData, FmatrixMode>(src);

    ^

/root/workspace/daily/2026-04-11-00/pto-isa/tests/npu/kirin9030/src/st/../../../../../include/pto/common/pto_instr.hpp:In file included from /root/workspace/daily/2026-04-11-00/pto-isa/tests/npu/kirin9030/src/st/testcase/trowsum/trowsum_kernel.cpp:11:

In file included from /root/workspace/daily/2026-04-11-00/pto-isa/tests/npu/kirin9030/src/st/../../../../../include/pto/pto-inst.hpp:23:

/root/workspace/daily/2026-04-11-00/pto-isa/tests/npu/kirin9030/src/st/../../../../../include/pto/common/pto_instr.hpp:729:5: warning: use of function template name with no prior declaration in function call with explicit template arguments is a C++20 extension [-Wc++20-extensions]

    TIMG2COL_IMPL<TileData, ConvTileData, FmatrixMode>(dst, src, posM, posK);

    ^

914:5: warning: use of function template name with no prior declaration in function call with explicit template arguments is a C++20 extension [-Wc++20-extensions]

    TTRI_IMPL<TileData, isUpperOrLower>(dst, diagonal);

    ^

/root/workspace/daily/2026-04-11-00/pto-isa/tests/npu/kirin9030/src/st/../../../../../include/pto/common/pto_instr.hpp:737:5: warning: use of function template name with no prior declaration in function call with explicit template arguments is a C++20 extension [-Wc++20-extensions]

    TSETFMATRIX_IMPL<ConvTileData, FmatrixMode>(src);

    ^

In file included from /root/workspace/daily/2026-04-11-00/pto-isa/tests/npu/kirin9030/src/st/testcase/textract/textract_kernel.cpp:11:

In file included from /root/workspace/daily/2026-04-11-00/pto-isa/tests/npu/kirin9030/src/st/../../../../../include/pto/pto-inst.hpp:23:

/root/workspace/daily/2026-04-11-00/pto-isa/tests/npu/kirin9030/src/st/../../../../../include/pto/common/pto_instr.hpp:729:5: warning: use of function template name with no prior declaration in function call with explicit template arguments is a C++20 extension [-Wc++20-extensions]

    TIMG2COL_IMPL<TileData, ConvTileData, FmatrixMode>(dst, src, posM, posK);

    ^

/root/workspace/daily/2026-04-11-00/pto-isa/tests/npu/kirin9030/src/st/../../../../../include/pto/common/pto_instr.hpp:737:5: warning: use of function template name with no prior declaration in function call with explicit template arguments is a C++20 extension [-Wc++20-extensions]

    TSETFMATRIX_IMPL<ConvTileData, FmatrixMode>(src);

    ^

/root/workspace/daily/2026-04-11-00/pto-isa/tests/npu/kirin9030/src/st/../../../../../include/pto/common/pto_instr.hpp:914:5: warning: use of function template name with no prior declaration in function call with explicit template arguments is a C++20 extension [-Wc++20-extensions]

    TTRI_IMPL<TileData, isUpperOrLower>(dst, diagonal);

    ^

/root/workspace/daily/2026-04-11-00/pto-isa/tests/npu/kirin9030/src/st/../../../../../include/pto/common/pto_instr.hpp:1215:5: warning: use of function template name with no prior declaration in function call with explicit template arguments is a C++20 extension [-Wc++20-extensions]

    TROWEXPANDDIV_IMPL<PrecisionType>(dst, src0, src1);

    ^

/root/workspace/daily/2026-04-11-00/pto-isa/tests/npu/kirin9030/src/st/../../../../../include/pto/common/pto_instr.hpp:1225:5: warning: use of function template name with no prior declaration in function call with explicit template arguments is a C++20 extension [-Wc++20-extensions]

    TROWEXPANDDIV_IMPL<PrecisionType>(dst, src0, src1, tmp);

    ^

/root/workspace/daily/2026-04-11-00/pto-isa/tests/npu/kirin9030/src/st/../../../../../include/pto/common/pto_instr.hpp:914:5: warning: use of function template name with no prior declaration in function call with explicit template arguments is a C++20 extension [-Wc++20-extensions]

    TTRI_IMPL<TileData, isUpperOrLower>(dst, diagonal);

    ^

/root/workspace/daily/2026-04-11-00/pto-isa/tests/npu/kirin9030/src/st/../../../../../include/pto/common/pto_instr.hpp:1215:5: warning: use of function template name with no prior declaration in function call with explicit template arguments is a C++20 extension [-Wc++20-extensions]

    TROWEXPANDDIV_IMPL<PrecisionType>(dst, src0, src1);

    ^

/root/workspace/daily/2026-04-11-00/pto-isa/tests/npu/kirin9030/src/st/../../../../../include/pto/common/pto_instr.hpp:1225:5: warning: use of function template name with no prior declaration in function call with explicit template arguments is a C++20 extension [-Wc++20-extensions]

    TROWEXPANDDIV_IMPL<PrecisionType>(dst, src0, src1, tmp);

    ^

/root/workspace/daily/2026-04-11-00/pto-isa/tests/npu/kirin9030/src/st/../../../../../include/pto/common/pto_instr.hpp:1717:5: warning: use of function template name with no prior declaration in function call with explicit template arguments is a C++20 extension [-Wc++20-extensions]

    TPUSH_IMPL<Pipe, TileProd, Split>(pipe, tile);

    ^

/root/workspace/daily/2026-04-11-00/pto-isa/tests/npu/kirin9030/src/st/../../../../../include/pto/common/pto_instr.hpp:1725:5: warning: use of function template name with no prior declaration in function call with explicit template arguments is a C++20 extension [-Wc++20-extensions]

    TPUSH_IMPL<TileData, Pipe>(tile, pipe);

    ^

/root/workspace/daily/2026-04-11-00/pto-isa/tests/npu/kirin9030/src/st/../../../../../include/pto/common/pto_instr.hpp:1733:5: warning: use of function template name with no prior declaration in function call with explicit template arguments is a C++20 extension [-Wc++20-extensions]

    TPOP_IMPL<Pipe, TileCons, Split>(pipe, tile);

    ^

/root/workspace/daily/2026-04-11-00/pto-isa/tests/npu/kirin9030/src/st/../../../../../include/pto/common/pto_instr.hpp:1741:5: warning: use of function template name with no prior declaration in function call with explicit template arguments is a C++20 extension [-Wc++20-extensions]

    TPOP_IMPL<TileData, Pipe>(tile, pipe);

    ^

/root/workspace/daily/2026-04-11-00/pto-isa/tests/npu/kirin9030/src/st/../../../../../include/pto/common/pto_instr.hpp:1749:5: warning: use of function template name with no prior declaration in function call with explicit template arguments is a C++20 extension [-Wc++20-extensions]

    TFREE_IMPL<Pipe, Split>(pipe);

    ^

/root/workspace/daily/2026-04-11-00/pto-isa/tests/npu/kirin9030/src/st/../../../../../include/pto/common/pto_instr.hpp:1215:5: warning: use of function template name with no prior declaration in function call with explicit template arguments is a C++20 extension [-Wc++20-extensions]

/root/workspace/daily/2026-04-11-00/pto-isa/tests/npu/kirin9030/src/st/../../../../../include/pto/common/pto_instr.hpp    TROWEXPANDDIV_IMPL<PrecisionType>(dst, src0, src1);

    ^

:1757:5: warning: use of function template name with no prior declaration in function call with explicit template arguments is a C++20 extension [-Wc++20-extensions]

    TFREE_IMPL<Pipe>(pipe);

    ^

/root/workspace/daily/2026-04-11-00/pto-isa/tests/npu/kirin9030/src/st/../../../../../include/pto/common/pto_instr.hpp:1225:5: warning: use of function template name with no prior declaration in function call with explicit template arguments is a C++20 extension [-Wc++20-extensions]

    TROWEXPANDDIV_IMPL<PrecisionType>(dst, src0, src1, tmp);

    ^

/root/workspace/daily/2026-04-11-00/pto-isa/tests/npu/kirin9030/src/st/../../../../../include/pto/common/pto_instr.hpp:1805:5: warning: use of function template name with no prior declaration in function call with explicit template arguments is a C++20 extension [-Wc++20-extensions]

    TQUANT_IMPL<quant_type, TileDataOut, TileDataSrc, TileDataPara>(dst, src, scale, offset);

    ^

/root/workspace/daily/2026-04-11-00/pto-isa/tests/npu/kirin9030/src/st/../../../../../include/pto/common/pto_instr.hpp:1717:5: warning: use of function template name with no prior declaration in function call with explicit template arguments is a C++20 extension [-Wc++20-extensions]

    TPUSH_IMPL<Pipe, TileProd, Split>(pipe, tile);

    ^

/root/workspace/daily/2026-04-11-00/pto-isa/tests/npu/kirin9030/src/st/../../../../../include/pto/common/pto_instr.hpp:1725:5: warning: use of function template name with no prior declaration in function call with explicit template arguments is a C++20 extension [-Wc++20-extensions]

    TPUSH_IMPL<TileData, Pipe>(tile, pipe);

    ^

/root/workspace/daily/2026-04-11-00/pto-isa/tests/npu/kirin9030/src/st/../../../../../include/pto/common/pto_instr.hpp:1733:5: warning: use of function template name with no prior declaration in function call with explicit template arguments is a C++20 extension [-Wc++20-extensions]

    TPOP_IMPL<Pipe, TileCons, Split>(pipe, tile);

    ^

/root/workspace/daily/2026-04-11-00/pto-isa/tests/npu/kirin9030/src/st/../../../../../include/pto/common/pto_instr.hpp:1741:5: warning: use of function template name with no prior declaration in function call with explicit template arguments is a C++20 extension [-Wc++20-extensions]

    TPOP_IMPL<TileData, Pipe>(tile, pipe);

    ^

/root/workspace/daily/2026-04-11-00/pto-isa/tests/npu/kirin9030/src/st/../../../../../include/pto/common/pto_instr.hpp:1749:5: warning: use of function template name with no prior declaration in function call with explicit template arguments is a C++20 extension [-Wc++20-extensions]

    TFREE_IMPL<Pipe, Split>(pipe);

    ^

/root/workspace/daily/2026-04-11-00/pto-isa/tests/npu/kirin9030/src/st/../../../../../include/pto/common/pto_instr.hpp:1757:5: warning: use of function template name with no prior declaration in function call with explicit template arguments is a C++20 extension [-Wc++20-extensions]

    TFREE_IMPL<Pipe>(pipe);

    ^

/root/workspace/daily/2026-04-11-00/pto-isa/tests/npu/kirin9030/src/st/../../../../../include/pto/common/pto_instr.hpp:1805:5: warning: use of function template name with no prior declaration in function call with explicit template arguments is a C++20 extension [-Wc++20-extensions]

    TQUANT_IMPL<quant_type, TileDataOut, TileDataSrc, TileDataPara>(dst, src, scale, offset);

    ^

/root/workspace/daily/2026-04-11-00/pto-isa/tests/npu/kirin9030/src/st/../../../../../include/pto/common/pto_instr.hpp:1717:5: warning: use of function template name with no prior declaration in function call with explicit template arguments is a C++20 extension [-Wc++20-extensions]

    TPUSH_IMPL<Pipe, TileProd, Split>(pipe, tile);

    ^

/root/workspace/daily/2026-04-11-00/pto-isa/tests/npu/kirin9030/src/st/../../../../../include/pto/common/pto_instr.hpp:1725:5: warning: use of function template name with no prior declaration in function call with explicit template arguments is a C++20 extension [-Wc++20-extensions]

    TPUSH_IMPL<TileData, Pipe>(tile, pipe);

    ^

/root/workspace/daily/2026-04-11-00/pto-isa/tests/npu/kirin9030/src/st/../../../../../include/pto/common/pto_instr.hpp:1733:5: warning: use of function template name with no prior declaration in function call with explicit template arguments is a C++20 extension [-Wc++20-extensions]

    TPOP_IMPL<Pipe, TileCons, Split>(pipe, tile);

    ^

/root/workspace/daily/2026-04-11-00/pto-isa/tests/npu/kirin9030/src/st/../../../../../include/pto/common/pto_instr.hpp:1741:5: warning: use of function template name with no prior declaration in function call with explicit template arguments is a C++20 extension [-Wc++20-extensions]

    TPOP_IMPL<TileData, Pipe>(tile, pipe);

    ^

/root/workspace/daily/2026-04-11-00/pto-isa/tests/npu/kirin9030/src/st/../../../../../include/pto/common/pto_instr.hpp:1749:5: warning: use of function template name with no prior declaration in function call with explicit template arguments is a C++20 extension [-Wc++20-extensions]

    TFREE_IMPL<Pipe, Split>(pipe);

    ^

/root/workspace/daily/2026-04-11-00/pto-isa/tests/npu/kirin9030/src/st/../../../../../include/pto/common/pto_instr.hpp:1757:5: warning: use of function template name with no prior declaration in function call with explicit template arguments is a C++20 extension [-Wc++20-extensions]

    TFREE_IMPL<Pipe>(pipe);

    ^

/root/workspace/daily/2026-04-11-00/pto-isa/tests/npu/kirin9030/src/st/../../../../../include/pto/common/pto_instr.hpp:1805:5: warning: use of function template name with no prior declaration in function call with explicit template arguments is a C++20 extension [-Wc++20-extensions]

    TQUANT_IMPL<quant_type, TileDataOut, TileDataSrc, TileDataPara>(dst, src, scale, offset);

    ^

In file included from /root/workspace/daily/2026-04-11-00/pto-isa/tests/npu/kirin9030/src/st/testcase/tload/tload_kernel.cpp:11:

In file included from /root/workspace/daily/2026-04-11-00/pto-isa/tests/npu/kirin9030/src/st/../../../../../include/pto/pto-inst.hpp:23:

/root/workspace/daily/2026-04-11-00/pto-isa/tests/npu/kirin9030/src/st/../../../../../include/pto/common/pto_instr.hpp:729:5: warning: use of function template name with no prior declaration in function call with explicit template arguments is a C++20 extension [-Wc++20-extensions]

    TIMG2COL_IMPL<TileData, ConvTileData, FmatrixMode>(dst, src, posM, posK);

    ^

/root/workspace/daily/2026-04-11-00/pto-isa/tests/npu/kirin9030/src/st/../../../../../include/pto/common/pto_instr.hpp:737:5: warning: use of function template name with no prior declaration in function call with explicit template arguments is a C++20 extension [-Wc++20-extensions]

    TSETFMATRIX_IMPL<ConvTileData, FmatrixMode>(src);

    ^

/root/workspace/daily/2026-04-11-00/pto-isa/tests/npu/kirin9030/src/st/../../../../../include/pto/common/pto_instr.hpp:914:5: warning: use of function template name with no prior declaration in function call with explicit template arguments is a C++20 extension [-Wc++20-extensions]

    TTRI_IMPL<TileData, isUpperOrLower>(dst, diagonal);

    ^

/root/workspace/daily/2026-04-11-00/pto-isa/tests/npu/kirin9030/src/st/../../../../../include/pto/common/pto_instr.hpp:1215:5: warning: use of function template name with no prior declaration in function call with explicit template arguments is a C++20 extension [-Wc++20-extensions]

    TROWEXPANDDIV_IMPL<PrecisionType>(dst, src0, src1);

    ^

/root/workspace/daily/2026-04-11-00/pto-isa/tests/npu/kirin9030/src/st/../../../../../include/pto/common/pto_instr.hpp:1225:5: warning: use of function template name with no prior declaration in function call with explicit template arguments is a C++20 extension [-Wc++20-extensions]

    TROWEXPANDDIV_IMPL<PrecisionType>(dst, src0, src1, tmp);

    ^

/root/workspace/daily/2026-04-11-00/pto-isa/tests/npu/kirin9030/src/st/../../../../../include/pto/common/pto_instr.hpp:1717:5: warning: use of function template name with no prior declaration in function call with explicit template arguments is a C++20 extension [-Wc++20-extensions]

    TPUSH_IMPL<Pipe, TileProd, Split>(pipe, tile);

    ^

/root/workspace/daily/2026-04-11-00/pto-isa/tests/npu/kirin9030/src/st/../../../../../include/pto/common/pto_instr.hpp:1725:5: warning: use of function template name with no prior declaration in function call with explicit template arguments is a C++20 extension [-Wc++20-extensions]

    TPUSH_IMPL<TileData, Pipe>(tile, pipe);

    ^

/root/workspace/daily/2026-04-11-00/pto-isa/tests/npu/kirin9030/src/st/../../../../../include/pto/common/pto_instr.hpp:1733:5: warning: use of function template name with no prior declaration in function call with explicit template arguments is a C++20 extension [-Wc++20-extensions]

    TPOP_IMPL<Pipe, TileCons, Split>(pipe, tile);

    ^

/root/workspace/daily/2026-04-11-00/pto-isa/tests/npu/kirin9030/src/st/../../../../../include/pto/common/pto_instr.hpp:1741:5: warning: use of function template name with no prior declaration in function call with explicit template arguments is a C++20 extension [-Wc++20-extensions]

    TPOP_IMPL<TileData, Pipe>(tile, pipe);

    ^

/root/workspace/daily/2026-04-11-00/pto-isa/tests/npu/kirin9030/src/st/../../../../../include/pto/common/pto_instr.hpp:1749:5: warning: use of function template name with no prior declaration in function call with explicit template arguments is a C++20 extension [-Wc++20-extensions]

    TFREE_IMPL<Pipe, Split>(pipe);

    ^

/root/workspace/daily/2026-04-11-00/pto-isa/tests/npu/kirin9030/src/st/../../../../../include/pto/common/pto_instr.hpp:1757:5: warning: use of function template name with no prior declaration in function call with explicit template arguments is a C++20 extension [-Wc++20-extensions]

    TFREE_IMPL<Pipe>(pipe);

    ^

/root/workspace/daily/2026-04-11-00/pto-isa/tests/npu/kirin9030/src/st/../../../../../include/pto/common/pto_instr.hpp:1805:5: warning: use of function template name with no prior declaration in function call with explicit template arguments is a C++20 extension [-Wc++20-extensions]

    TQUANT_IMPL<quant_type, TileDataOut, TileDataSrc, TileDataPara>(dst, src, scale, offset);

    ^

In file included from /root/workspace/daily/2026-04-11-00/pto-isa/tests/npu/kirin9030/src/st/testcase/tmatmul/tmatmul_kernel.cpp:11:

In file included from /root/workspace/daily/2026-04-11-00/pto-isa/tests/npu/kirin9030/src/st/../../../../../include/pto/pto-inst.hpp:23:

In file included from /root/workspace/daily/2026-04-11-00/pto-isa/tests/npu/kirin9030/src/st/../../../../../include/pto/common/pto_instr.hpp:18:

In file included from /root/workspace/daily/2026-04-11-00/pto-isa/tests/npu/kirin9030/src/st/../../../../../include/pto/common/pto_instr_impl.hpp:227:

In file included from /root/workspace/daily/2026-04-11-00/pto-isa/tests/npu/kirin9030/src/st/../../../../../include/pto/npu/kirin9030/header.hpp:46:

In file included from /root/workspace/daily/2026-04-11-00/pto-isa/tests/npu/kirin9030/src/st/../../../../../include/pto/npu/kirin9030/TRsqrt.hpp:12:

In file included from /root/workspace/daily/2026-04-11-00/pto-isa/tests/npu/kirin9030/src/st/../../../../../include/pto/npu/a5/TRsqrt.hpp:19:

/root/workspace/daily/2026-04-11-00/pto-isa/tests/npu/kirin9030/src/st/../../../../../include/pto/npu/a5/custom/TSqrtHp.hpp:18:5: error: unknown type name 'HalfUnion'

    HalfUnion multiplyFactor0;

    ^

In file included from /root/workspace/daily/2026-04-11-00/pto-isa/tests/npu/kirin9030/src/st/testcase/tcolsum/tcolsum_kernel.cpp:11:

In file included from /root/workspace/daily/2026-04-11-00/pto-isa/tests/npu/kirin9030/src/st/../../../../../include/pto/pto-inst.hpp:23:

In file included from /root/workspace/daily/2026-04-11-00/pto-isa/tests/npu/kirin9030/src/st/../../../../../include/pto/common/pto_instr.hpp:18:

In file included from /root/workspace/daily/2026-04-11-00/pto-isa/tests/npu/kirin9030/src/st/../../../../../include/pto/common/pto_instr_impl.hpp:227:

In file included from /root/workspace/daily/2026-04-11-00/pto-isa/tests/npu/kirin9030/src/st/../../../../../include/pto/npu/kirin9030/header.hpp:46:

In file included from /root/workspace/daily/2026-04-11-00/pto-isa/tests/npu/kirin9030/src/st/../../../../../include/pto/npu/kirin9030/TRsqrt.hpp:12:

In file included from /root/workspace/daily/2026-04-11-00/pto-isa/tests/npu/kirin9030/src/st/../../../../../include/pto/npu/a5/TRsqrt.hpp:19:

/root/workspace/daily/2026-04-11-00/pto-isa/tests/npu/kirin9030/src/st/../../../../../include/pto/npu/a5/custom/TSqrtHp.hpp:18:5: error: unknown type name 'HalfUnion'

    HalfUnion multiplyFactor0;

    ^

/root/workspace/daily/2026-04-11-00/pto-isa/tests/npu/kirin9030/src/st/../../../../../include/pto/npu/a5/custom/TSqrtHp.hpp:20:5: error: unknown type name 'HalfUnion'

    HalfUnion multiplyFactor1;

    ^

In file included from /root/workspace/daily/2026-04-11-00/pto-isa/tests/npu/kirin9030/src/st/../../../../../include/pto/npu/a5/custom/TSqrtHp.hpp:20:5: error: unknown type name 'HalfUnion'

    HalfUnion multiplyFactor1;

    ^

/root/workspace/daily/2026-04-11-00/pto-isa/tests/npu/kirin9030/src/st/testcase/ttrans/ttrans_kernel.cpp:11:

In file included from /root/workspace/daily/2026-04-11-00/pto-isa/tests/npu/kirin9030/src/st/../../../../../include/pto/pto-inst.hpp:23:

In file included from /root/workspace/daily/2026-04-11-00/pto-isa/tests/npu/kirin9030/src/st/../../../../../include/pto/common/pto_instr.hpp:18:

In file included from /root/workspace/daily/2026-04-11-00/pto-isa/tests/npu/kirin9030/src/st/../../../../../include/pto/common/pto_instr_impl.hpp:227:

In file included from /root/workspace/daily/2026-04-11-00/pto-isa/tests/npu/kirin9030/src/st/../../../../../include/pto/npu/kirin9030/header.hpp:46:

In file included from /root/workspace/daily/2026-04-11-00/pto-isa/tests/npu/kirin9030/src/st/../../../../../include/pto/npu/kirin9030/TRsqrt.hpp:12:

In file included from /root/workspace/daily/2026-04-11-00/pto-isa/tests/npu/kirin9030/src/st/../../../../../include/pto/npu/a5/TRsqrt.hpp:19:

/root/workspace/daily/2026-04-11-00/pto-isa/tests/npu/kirin9030/src/st/../../../../../include/pto/npu/a5/custom/TSqrtHp.hpp:18:5: error: unknown type name 'HalfUnion'

    HalfUnion multiplyFactor0;

    ^

/root/workspace/daily/2026-04-11-00/pto-isa/tests/npu/kirin9030/src/st/../../../../../include/pto/npu/a5/custom/TSqrtHp.hpp:22:5: error: unknown type name 'HalfUnion'

    HalfUnion subnormalThreshold;

    ^

/root/workspace/daily/2026-04-11-00/pto-isa/tests/npu/kirin9030/src/st/../../../../../include/pto/npu/a5/custom/TSqrtHp.hpp:20:5: error: unknown type name 'HalfUnion'

    HalfUnion multiplyFactor1;

    ^

/root/workspace/daily/2026-04-11-00/pto-isa/tests/npu/kirin9030/src/st/../../../../../include/pto/npu/a5/custom/TSqrtHp.hpp:22:5: error: unknown type name 'HalfUnion'

    HalfUnion subnormalThreshold;

    ^

/root/workspace/daily/2026-04-11-00/pto-isa/tests/npu/kirin9030/src/st/../../../../../include/pto/npu/a5/custom/TSqrtHp.hpp:22:5: error: unknown type name 'HalfUnion'

    HalfUnion subnormalThreshold;

    ^

In file included from /root/workspace/daily/2026-04-11-00/pto-isa/tests/npu/kirin9030/src/st/testcase/tmrgsort/tmrgsort_kernel.cpp:12:

In file included from /root/workspace/daily/2026-04-11-00/pto-isa/tests/npu/kirin9030/src/st/../../../../../include/pto/pto-inst.hpp:23:

In file included from /root/workspace/daily/2026-04-11-00/pto-isa/tests/npu/kirin9030/src/st/../../../../../include/pto/common/pto_instr.hpp:18:

In file included from /root/workspace/daily/2026-04-11-00/pto-isa/tests/npu/kirin9030/src/st/../../../../../include/pto/common/pto_instr_impl.hpp:227:

In file included from /root/workspace/daily/2026-04-11-00/pto-isa/tests/npu/kirin9030/src/st/../../../../../include/pto/npu/kirin9030/header.hpp:46:

In file included from /root/workspace/daily/2026-04-11-00/pto-isa/tests/npu/kirin9030/src/st/../../../../../include/pto/npu/kirin9030/TRsqrt.hpp:12:

In file included from /root/workspace/daily/2026-04-11-00/pto-isa/tests/npu/kirin9030/src/st/../../../../../include/pto/npu/a5/TRsqrt.hpp:19:

/root/workspace/daily/2026-04-11-00/pto-isa/tests/npu/kirin9030/src/st/../../../../../include/pto/npu/a5/custom/TSqrtHp.hpp:18:5: error: unknown type name 'HalfUnion'

    HalfUnion multiplyFactor0;

    ^

/root/workspace/daily/2026-04-11-00/pto-isa/tests/npu/kirin9030/src/st/../../../../../include/pto/npu/a5/custom/TSqrtHp.hpp:20:5: error: unknown type name 'HalfUnion'

    HalfUnion multiplyFactor1;

    ^

/root/workspace/daily/2026-04-11-00/pto-isa/tests/npu/kirin9030/src/st/../../../../../include/pto/npu/a5/custom/TSqrtHp.hpp:22:5: error: unknown type name 'HalfUnion'

    HalfUnion subnormalThreshold;

    ^

In file included from /root/workspace/daily/2026-04-11-00/pto-isa/tests/npu/kirin9030/src/st/testcase/tmatmul/tmatmul_kernel.cpp:11:

In file included from /root/workspace/daily/2026-04-11-00/pto-isa/tests/npu/kirin9030/src/st/../../../../../include/pto/pto-inst.hpp:23:

/root/workspace/daily/2026-04-11-00/pto-isa/tests/npu/kirin9030/src/st/../../../../../include/pto/common/pto_instr.hpp:729:5: warning: use of function template name with no prior declaration in function call with explicit template arguments is a C++20 extension [-Wc++20-extensions]

    TIMG2COL_IMPL<TileData, ConvTileData, FmatrixMode>(dst, src, posM, posK);

    ^

/root/workspace/daily/2026-04-11-00/pto-isa/tests/npu/kirin9030/src/st/../../../../../include/pto/common/pto_instr.hpp:737:5: warning: use of function template name with no prior declaration in function call with explicit template arguments is a C++20 extension [-Wc++20-extensions]

    TSETFMATRIX_IMPL<ConvTileData, FmatrixMode>(src);

    ^

/root/workspace/daily/2026-04-11-00/pto-isa/tests/npu/kirin9030/src/st/../../../../../include/pto/common/pto_instr.hpp:914:5: warning: use of function template name with no prior declaration in function call with explicit template arguments is a C++20 extension [-Wc++20-extensions]

    TTRI_IMPL<TileData, isUpperOrLower>(dst, diagonal);

    ^

In file included from /root/workspace/daily/2026-04-11-00/pto-isa/tests/npu/kirin9030/src/st/testcase/tmrgsort/tmrgsort_kernel.cpp:12:

In file included from /root/workspace/daily/2026-04-11-00/pto-isa/tests/npu/kirin9030/src/st/../../../../../include/pto/pto-inst.hpp:23:

/root/workspace/daily/2026-04-11-00/pto-isa/tests/npu/kirin9030/src/st/../../../../../include/pto/common/pto_instr.hpp:729:5: warning: use of function template name with no prior declaration in function call with explicit template arguments is a C++20 extension [-Wc++20-extensions]

    TIMG2COL_IMPL<TileData, ConvTileData, FmatrixMode>(dst, src, posM, posK);

    ^

/root/workspace/daily/2026-04-11-00/pto-isa/tests/npu/kirin9030/src/st/../../../../../include/pto/common/pto_instr.hpp:737:5: warning: use of function template name with no prior declaration in function call with explicit template arguments is a C++20 extension [-Wc++20-extensions]

    TSETFMATRIX_IMPL<ConvTileData, FmatrixMode>(src);

    ^

In file included from /root/workspace/daily/2026-04-11-00/pto-isa/tests/npu/kirin9030/src/st/testcase/tcolsum/tcolsum_kernel.cpp:11:

In file included from /root/workspace/daily/2026-04-11-00/pto-isa/tests/npu/kirin9030/src/st/../../../../../include/pto/pto-inst.hpp:23:

/root/workspace/daily/2026-04-11-00/pto-isa/tests/npu/kirin9030/src/st/../../../../../include/pto/common/pto_instr.hpp:729:5: warning: use of function template name with no prior declaration in function call with explicit template arguments is a C++20 extension [-Wc++20-extensions]

    TIMG2COL_IMPL<TileData, ConvTileData, FmatrixMode>(dst, src, posM, posK);

    ^

/root/workspace/daily/2026-04-11-00/pto-isa/tests/npu/kirin9030/src/st/../../../../../include/pto/common/pto_instr.hpp:914:5: warning: use of function template name with no prior declaration in function call with explicit template arguments is a C++20 extension [-Wc++20-extensions]

    TTRI_IMPL<TileData, isUpperOrLower>(dst, diagonal);

    ^

/root/workspace/daily/2026-04-11-00/pto-isa/tests/npu/kirin9030/src/st/../../../../../include/pto/common/pto_instr.hpp:1215:5: warning: use of function template name with no prior declaration in function call with explicit template arguments is a C++20 extension [-Wc++20-extensions]

    TROWEXPANDDIV_IMPL<PrecisionType>(dst, src0, src1);

    ^

/root/workspace/daily/2026-04-11-00/pto-isa/tests/npu/kirin9030/src/st/../../../../../include/pto/common/pto_instr.hpp:1225:5: warning: use of function template name with no prior declaration in function call with explicit template arguments is a C++20 extension [-Wc++20-extensions]

    TROWEXPANDDIV_IMPL<PrecisionType>(dst, src0, src1, tmp);

    ^

/root/workspace/daily/2026-04-11-00/pto-isa/tests/npu/kirin9030/src/st/../../../../../include/pto/common/pto_instr.hpp:737:5: warning: use of function template name with no prior declaration in function call with explicit template arguments is a C++20 extension [-Wc++20-extensions]

    TSETFMATRIX_IMPL<ConvTileData, FmatrixMode>(src);

    ^

In file included from /root/workspace/daily/2026-04-11-00/pto-isa/tests/npu/kirin9030/src/st/testcase/ttrans/ttrans_kernel.cpp:11:

In file included from /root/workspace/daily/2026-04-11-00/pto-isa/tests/npu/kirin9030/src/st/../../../../../include/pto/pto-inst.hpp:23:

/root/workspace/daily/2026-04-11-00/pto-isa/tests/npu/kirin9030/src/st/../../../../../include/pto/common/pto_instr.hpp:729:5: warning: use of function template name with no prior declaration in function call with explicit template arguments is a C++20 extension [-Wc++20-extensions]

    TIMG2COL_IMPL<TileData, ConvTileData, FmatrixMode>(dst, src, posM, posK);

    ^

/root/workspace/daily/2026-04-11-00/pto-isa/tests/npu/kirin9030/src/st/../../../../../include/pto/common/pto_instr.hpp:737:5: warning: use of function template name with no prior declaration in function call with explicit template arguments is a C++20 extension [-Wc++20-extensions]

    TSETFMATRIX_IMPL<ConvTileData, FmatrixMode>(src);

    ^

/root/workspace/daily/2026-04-11-00/pto-isa/tests/npu/kirin9030/src/st/../../../../../include/pto/common/pto_instr.hpp:1215:5: warning: use of function template name with no prior declaration in function call with explicit template arguments is a C++20 extension [-Wc++20-extensions]

    TROWEXPANDDIV_IMPL<PrecisionType>(dst, src0, src1);

    ^

/root/workspace/daily/2026-04-11-00/pto-isa/tests/npu/kirin9030/src/st/../../../../../include/pto/common/pto_instr.hpp:1225:5: warning: use of function template name with no prior declaration in function call with explicit template arguments is a C++20 extension [-Wc++20-extensions]

    TROWEXPANDDIV_IMPL<PrecisionType>(dst, src0, src1, tmp);

    ^

/root/workspace/daily/2026-04-11-00/pto-isa/tests/npu/kirin9030/src/st/../../../../../include/pto/common/pto_instr.hpp:914:5: warning: use of function template name with no prior declaration in function call with explicit template arguments is a C++20 extension [-Wc++20-extensions]

    TTRI_IMPL<TileData, isUpperOrLower>(dst, diagonal);

    ^

/root/workspace/daily/2026-04-11-00/pto-isa/tests/npu/kirin9030/src/st/../../../../../include/pto/common/pto_instr.hpp:1717:5: warning: use of function template name with no prior declaration in function call with explicit template arguments is a C++20 extension [-Wc++20-extensions]

    TPUSH_IMPL<Pipe, TileProd, Split>(pipe, tile);

    ^

/root/workspace/daily/2026-04-11-00/pto-isa/tests/npu/kirin9030/src/st/../../../../../include/pto/common/pto_instr.hpp:1725:5: warning: use of function template name with no prior declaration in function call with explicit template arguments is a C++20 extension [-Wc++20-extensions]

    TPUSH_IMPL<TileData, Pipe>(tile, pipe);

    ^

/root/workspace/daily/2026-04-11-00/pto-isa/tests/npu/kirin9030/src/st/../../../../../include/pto/common/pto_instr.hpp:1733:5: warning: use of function template name with no prior declaration in function call with explicit template arguments is a C++20 extension [-Wc++20-extensions]

    TPOP_IMPL<Pipe, TileCons, Split>(pipe, tile);

    ^

/root/workspace/daily/2026-04-11-00/pto-isa/tests/npu/kirin9030/src/st/../../../../../include/pto/common/pto_instr.hpp:1741:5: warning: use of function template name with no prior declaration in function call with explicit template arguments is a C++20 extension [-Wc++20-extensions]

    TPOP_IMPL<TileData, Pipe>(tile, pipe);

    ^

/root/workspace/daily/2026-04-11-00/pto-isa/tests/npu/kirin9030/src/st/../../../../../include/pto/common/pto_instr.hpp:1749:5: warning: use of function template name with no prior declaration in function call with explicit template arguments is a C++20 extension [-Wc++20-extensions]

    TFREE_IMPL<Pipe, Split>(pipe);

    ^

/root/workspace/daily/2026-04-11-00/pto-isa/tests/npu/kirin9030/src/st/../../../../../include/pto/common/pto_instr.hpp:1757:5: warning: use of function template name with no prior declaration in function call with explicit template arguments is a C++20 extension [-Wc++20-extensions]

    TFREE_IMPL<Pipe>(pipe);

    ^

/root/workspace/daily/2026-04-11-00/pto-isa/tests/npu/kirin9030/src/st/../../../../../include/pto/common/pto_instr.hpp:914:5: warning: use of function template name with no prior declaration in function call with explicit template arguments is a C++20 extension [-Wc++20-extensions]

    TTRI_IMPL<TileData, isUpperOrLower>(dst, diagonal);

    ^

/root/workspace/daily/2026-04-11-00/pto-isa/tests/npu/kirin9030/src/st/../../../../../include/pto/common/pto_instr.hpp:1805:5: warning: use of function template name with no prior declaration in function call with explicit template arguments is a C++20 extension [-Wc++20-extensions]

    TQUANT_IMPL<quant_type, TileDataOut, TileDataSrc, TileDataPara>(dst, src, scale, offset);

    ^

/root/workspace/daily/2026-04-11-00/pto-isa/tests/npu/kirin9030/src/st/../../../../../include/pto/common/pto_instr.hpp:1215:5: warning: use of function template name with no prior declaration in function call with explicit template arguments is a C++20 extension [-Wc++20-extensions]

    TROWEXPANDDIV_IMPL<PrecisionType>(dst, src0, src1);

    ^

/root/workspace/daily/2026-04-11-00/pto-isa/tests/npu/kirin9030/src/st/../../../../../include/pto/common/pto_instr.hpp:1225:5: warning: use of function template name with no prior declaration in function call with explicit template arguments is a C++20 extension [-Wc++20-extensions]

    TROWEXPANDDIV_IMPL<PrecisionType>(dst, src0, src1, tmp);

    ^

/root/workspace/daily/2026-04-11-00/pto-isa/tests/npu/kirin9030/src/st/../../../../../include/pto/common/pto_instr.hpp:1717:5: warning: use of function template name with no prior declaration in function call with explicit template arguments is a C++20 extension [-Wc++20-extensions]

    TPUSH_IMPL<Pipe, TileProd, Split>(pipe, tile);

    ^

/root/workspace/daily/2026-04-11-00/pto-isa/tests/npu/kirin9030/src/st/../../../../../include/pto/common/pto_instr.hpp:1725:5: warning: use of function template name with no prior declaration in function call with explicit template arguments is a C++20 extension [-Wc++20-extensions]

    TPUSH_IMPL<TileData, Pipe>(tile, pipe);

    ^

/root/workspace/daily/2026-04-11-00/pto-isa/tests/npu/kirin9030/src/st/../../../../../include/pto/common/pto_instr.hpp:1733:5: warning: use of function template name with no prior declaration in function call with explicit template arguments is a C++20 extension [-Wc++20-extensions]

    TPOP_IMPL<Pipe, TileCons, Split>(pipe, tile);

    ^

/root/workspace/daily/2026-04-11-00/pto-isa/tests/npu/kirin9030/src/st/../../../../../include/pto/common/pto_instr.hpp:1741:5: warning: use of function template name with no prior declaration in function call with explicit template arguments is a C++20 extension [-Wc++20-extensions]

    TPOP_IMPL<TileData, Pipe>(tile, pipe);

    ^

/root/workspace/daily/2026-04-11-00/pto-isa/tests/npu/kirin9030/src/st/../../../../../include/pto/common/pto_instr.hpp:1749:5: warning: use of function template name with no prior declaration in function call with explicit template arguments is a C++20 extension [-Wc++20-extensions]

    TFREE_IMPL<Pipe, Split>(pipe);

    ^

/root/workspace/daily/2026-04-11-00/pto-isa/tests/npu/kirin9030/src/st/../../../../../include/pto/common/pto_instr.hpp:1757:5: warning: use of function template name with no prior declaration in function call with explicit template arguments is a C++20 extension [-Wc++20-extensions]

    TFREE_IMPL<Pipe>(pipe);

    ^

/root/workspace/daily/2026-04-11-00/pto-isa/tests/npu/kirin9030/src/st/../../../../../include/pto/common/pto_instr.hpp:1805:5: warning: use of function template name with no prior declaration in function call with explicit template arguments is a C++20 extension [-Wc++20-extensions]

    TQUANT_IMPL<quant_type, TileDataOut, TileDataSrc, TileDataPara>(dst, src, scale, offset);

    ^

/root/workspace/daily/2026-04-11-00/pto-isa/tests/npu/kirin9030/src/st/../../../../../include/pto/common/pto_instr.hpp:1215:5: warning: use of function template name with no prior declaration in function call with explicit template arguments is a C++20 extension [-Wc++20-extensions]

    TROWEXPANDDIV_IMPL<PrecisionType>(dst, src0, src1);

    ^

/root/workspace/daily/2026-04-11-00/pto-isa/tests/npu/kirin9030/src/st/../../../../../include/pto/common/pto_instr.hpp:1225:5: warning: use of function template name with no prior declaration in function call with explicit template arguments is a C++20 extension [-Wc++20-extensions]

    TROWEXPANDDIV_IMPL<PrecisionType>(dst, src0, src1, tmp);

    ^

/root/workspace/daily/2026-04-11-00/pto-isa/tests/npu/kirin9030/src/st/../../../../../include/pto/common/pto_instr.hpp:1717:5: warning: use of function template name with no prior declaration in function call with explicit template arguments is a C++20 extension [-Wc++20-extensions]

    TPUSH_IMPL<Pipe, TileProd, Split>(pipe, tile);

    ^

/root/workspace/daily/2026-04-11-00/pto-isa/tests/npu/kirin9030/src/st/../../../../../include/pto/common/pto_instr.hpp:1725:5: warning: use of function template name with no prior declaration in function call with explicit template arguments is a C++20 extension [-Wc++20-extensions]

    TPUSH_IMPL<TileData, Pipe>(tile, pipe);

    ^

/root/workspace/daily/2026-04-11-00/pto-isa/tests/npu/kirin9030/src/st/../../../../../include/pto/common/pto_instr.hpp:1733:5: warning: use of function template name with no prior declaration in function call with explicit template arguments is a C++20 extension [-Wc++20-extensions]

    TPOP_IMPL<Pipe, TileCons, Split>(pipe, tile);

    ^

/root/workspace/daily/2026-04-11-00/pto-isa/tests/npu/kirin9030/src/st/../../../../../include/pto/common/pto_instr.hpp:1741:5: warning: use of function template name with no prior declaration in function call with explicit template arguments is a C++20 extension [-Wc++20-extensions]

    TPOP_IMPL<TileData, Pipe>(tile, pipe);

    ^

/root/workspace/daily/2026-04-11-00/pto-isa/tests/npu/kirin9030/src/st/../../../../../include/pto/common/pto_instr.hpp:1749:5: warning: use of function template name with no prior declaration in function call with explicit template arguments is a C++20 extension [-Wc++20-extensions]

    TFREE_IMPL<Pipe, Split>(pipe);

    ^

/root/workspace/daily/2026-04-11-00/pto-isa/tests/npu/kirin9030/src/st/../../../../../include/pto/common/pto_instr.hpp:1757:5: warning: use of function template name with no prior declaration in function call with explicit template arguments is a C++20 extension [-Wc++20-extensions]

    TFREE_IMPL<Pipe>(pipe);

    ^

/root/workspace/daily/2026-04-11-00/pto-isa/tests/npu/kirin9030/src/st/../../../../../include/pto/common/pto_instr.hpp:1805:5: warning: use of function template name with no prior declaration in function call with explicit template arguments is a C++20 extension [-Wc++20-extensions]

    TQUANT_IMPL<quant_type, TileDataOut, TileDataSrc, TileDataPara>(dst, src, scale, offset);

    ^

/root/workspace/daily/2026-04-11-00/pto-isa/tests/npu/kirin9030/src/st/../../../../../include/pto/common/pto_instr.hpp:1717:5: warning: use of function template name with no prior declaration in function call with explicit template arguments is a C++20 extension [-Wc++20-extensions]

    TPUSH_IMPL<Pipe, TileProd, Split>(pipe, tile);

    ^

/root/workspace/daily/2026-04-11-00/pto-isa/tests/npu/kirin9030/src/st/../../../../../include/pto/common/pto_instr.hpp:1725:5: warning: use of function template name with no prior declaration in function call with explicit template arguments is a C++20 extension [-Wc++20-extensions]

    TPUSH_IMPL<TileData, Pipe>(tile, pipe);

    ^

/root/workspace/daily/2026-04-11-00/pto-isa/tests/npu/kirin9030/src/st/../../../../../include/pto/common/pto_instr.hpp:1733:5: warning: use of function template name with no prior declaration in function call with explicit template arguments is a C++20 extension [-Wc++20-extensions]

    TPOP_IMPL<Pipe, TileCons, Split>(pipe, tile);

    ^

/root/workspace/daily/2026-04-11-00/pto-isa/tests/npu/kirin9030/src/st/../../../../../include/pto/common/pto_instr.hpp:1741:5: warning: use of function template name with no prior declaration in function call with explicit template arguments is a C++20 extension [-Wc++20-extensions]

    TPOP_IMPL<TileData, Pipe>(tile, pipe);

    ^

run failed: build failed
/root/workspace/daily/2026-04-11-00/pto-isa/tests/npu/kirin9030/src/st/../../../../../include/pto/common/pto_instr.hpp:1749:5: warning: use of function template name with no prior declaration in function call with explicit template arguments is a C++20 extension [-Wc++20-extensions]

    TFREE_IMPL<Pipe, Split>(pipe);

    ^

/root/workspace/daily/2026-04-11-00/pto-isa/tests/npu/kirin9030/src/st/../../../../../include/pto/common/pto_instr.hpp:1757:5: warning: use of function template name with no prior declaration in function call with explicit template arguments is a C++20 extension [-Wc++20-extensions]

    TFREE_IMPL<Pipe>(pipe);

    ^

/root/workspace/daily/2026-04-11-00/pto-isa/tests/npu/kirin9030/src/st/../../../../../include/pto/common/pto_instr.hpp:1805:5: warning: use of function template name with no prior declaration in function call with explicit template arguments is a C++20 extension [-Wc++20-extensions]

    TQUANT_IMPL<quant_type, TileDataOut, TileDataSrc, TileDataPara>(dst, src, scale, offset);

    ^

12 warnings and 3 errors generated.

12 warnings and 3 errors generated.

make[2]: *** [testcase/trowsum/CMakeFiles/trowsum_kernel.dir/build.make:76: testcase/trowsum/CMakeFiles/trowsum_kernel.dir/trowsum_kernel.cpp.o] Error 1

make[1]: *** [CMakeFiles/Makefile2:1047: testcase/trowsum/CMakeFiles/trowsum_kernel.dir/all] Error 2

make[1]: *** Waiting for unfinished jobs....

make[2]: *** [testcase/textract/CMakeFiles/textract_kernel.dir/build.make:76: testcase/textract/CMakeFiles/textract_kernel.dir/textract_kernel.cpp.o] Error 1

make[1]: *** [CMakeFiles/Makefile2:995: testcase/textract/CMakeFiles/textract_kernel.dir/all] Error 2

12 warnings and 3 errors generated.

make[2]: *** [testcase/tcolsum/CMakeFiles/tcolsum_kernel.dir/build.make:76: testcase/tcolsum/CMakeFiles/tcolsum_kernel.dir/tcolsum_kernel.cpp.o] Error 1

make[1]: *** [CMakeFiles/Makefile2:1099: testcase/tcolsum/CMakeFiles/tcolsum_kernel.dir/all] Error 2

12 warnings and 3 errors generated.

make[2]: *** [testcase/ttrans/CMakeFiles/ttrans_kernel.dir/build.make:76: testcase/ttrans/CMakeFiles/ttrans_kernel.dir/ttrans_kernel.cpp.o] Error 1

make[1]: *** [CMakeFiles/Makefile2:891: testcase/ttrans/CMakeFiles/ttrans_kernel.dir/all] Error 2

12 warnings and 3 errors generated.

make[2]: *** [testcase/tmatmul/CMakeFiles/tmatmul_kernel.dir/build.make:76: testcase/tmatmul/CMakeFiles/tmatmul_kernel.dir/tmatmul_kernel.cpp.o] Error 1

make[1]: *** [CMakeFiles/Makefile2:735: testcase/tmatmul/CMakeFiles/tmatmul_kernel.dir/all] Error 2

12 warnings and 3 errors generated.

12 warnings and 3 errors generated.

12 warnings and 3 errors generated.

make[2]: *** [testcase/tmrgsort/CMakeFiles/tmrgsort_kernel.dir/build.make:76: testcase/tmrgsort/CMakeFiles/tmrgsort_kernel.dir/tmrgsort_kernel.cpp.o] Error 1

make[1]: *** [CMakeFiles/Makefile2:839: testcase/tmrgsort/CMakeFiles/tmrgsort_kernel.dir/all] Error 2

make[2]: *** [testcase/tload/CMakeFiles/tload_kernel.dir/build.make:76: testcase/tload/CMakeFiles/tload_kernel.dir/tload_kernel.cpp.o] Error 1

make[1]: *** [CMakeFiles/Makefile2:787: testcase/tload/CMakeFiles/tload_kernel.dir/all] Error 2

make[2]: *** [testcase/tstore/CMakeFiles/tstore_kernel.dir/build.make:76: testcase/tstore/CMakeFiles/tstore_kernel.dir/tstore_kernel.cpp.o] Error 1

make[1]: *** [CMakeFiles/Makefile2:943: testcase/tstore/CMakeFiles/tstore_kernel.dir/all] Error 2

make: *** [Makefile:91: all] Error 2

build failed
