The system is: Linux - 5.10.0-136.12.0.86.r1526_92.hce2.aarch64 - aarch64
Compiling the C compiler identification source file "CMakeCCompilerId.c" succeeded.
Compiler: /usr/local/Ascend/cann-8.5.0/bin/bisheng 
Build flags: -ftree-vectorize;-fPIC;-fstack-protector-strong;-fno-plt;-O3;-pipe;-isystem;/home/ntlab/miniconda3/include
Id flags:  

The output was:
0


Compilation of the C compiler identification source "CMakeCCompilerId.c" produced "a.out"

The C compiler identification is Clang, found in "/mnt/data/ntlab/haoran/pto-comm-isa/kernels/manual/a2a3/gemm_ar/build/CMakeFiles/3.22.0/CompilerIdC/a.out"

Compiling the CXX compiler identification source file "CMakeCXXCompilerId.cpp" succeeded.
Compiler: /usr/local/Ascend/cann-8.5.0/bin/bisheng 
Build flags: -fvisibility-inlines-hidden;-fmessage-length=0;-ftree-vectorize;-fPIC;-fstack-protector-strong;-fno-plt;-O3;-pipe;-isystem;/home/ntlab/miniconda3/include
Id flags:  

The output was:
0


Compilation of the CXX compiler identification source "CMakeCXXCompilerId.cpp" produced "a.out"

The CXX compiler identification is Clang, found in "/mnt/data/ntlab/haoran/pto-comm-isa/kernels/manual/a2a3/gemm_ar/build/CMakeFiles/3.22.0/CompilerIdCXX/a.out"

Detecting C compiler ABI info compiled with the following output:
Change Dir: /mnt/data/ntlab/haoran/pto-comm-isa/kernels/manual/a2a3/gemm_ar/build/CMakeFiles/CMakeTmp

Run Build Command(s):/usr/bin/gmake -f Makefile cmTC_a09c6/fast && /usr/bin/gmake  -f CMakeFiles/cmTC_a09c6.dir/build.make CMakeFiles/cmTC_a09c6.dir/build
gmake[1]: Entering directory '/mnt/data/ntlab/haoran/pto-comm-isa/kernels/manual/a2a3/gemm_ar/build/CMakeFiles/CMakeTmp'
Building C object CMakeFiles/cmTC_a09c6.dir/CMakeCCompilerABI.c.o
/usr/local/Ascend/cann-8.5.0/bin/bisheng   -ftree-vectorize -fPIC -fstack-protector-strong -fno-plt -O3 -pipe -isystem /home/ntlab/miniconda3/include    -v -MD -MT CMakeFiles/cmTC_a09c6.dir/CMakeCCompilerABI.c.o -MF CMakeFiles/cmTC_a09c6.dir/CMakeCCompilerABI.c.o.d -o CMakeFiles/cmTC_a09c6.dir/CMakeCCompilerABI.c.o -c /usr/share/cmake/Modules/CMakeCCompilerABI.c
2025-12-29T22:56:53+08:00 clang version 15.0.5
Target: aarch64-unknown-linux-gnu
Thread model: posix
InstalledDir: /usr/local/Ascend/cann-8.5.0/bin
Found candidate GCC installation: /usr/lib/gcc/aarch64-openEuler-linux/12
Selected GCC installation: /usr/lib/gcc/aarch64-openEuler-linux/12
Candidate multilib: .;@m64
Selected multilib: .;@m64
 (in-process)
 "/usr/local/Ascend/cann-8.5.0/tools/bisheng_compiler/bin/bisheng" -cc1 -triple aarch64-unknown-linux-gnu -emit-obj --mrelax-relocations -disable-free -clear-ast-before-backend -disable-llvm-verifier -discard-value-names -main-file-name CMakeCCompilerABI.c -mrelocation-model pic -pic-level 2 -fhalf-no-semantic-interposition -mframe-pointer=non-leaf -fmath-errno -ffp-contract=on -fno-rounding-math -mconstructor-aliases -fno-plt -funwind-tables=2 -target-cpu generic -target-feature +neon -target-feature +v8a -target-abi aapcs -fallow-half-arguments-and-returns -mllvm -treat-scalable-fixed-error-as-warning -debugger-tuning=gdb -v -fcoverage-compilation-dir=/mnt/data/ntlab/haoran/pto-comm-isa/kernels/manual/a2a3/gemm_ar/build/CMakeFiles/CMakeTmp -resource-dir /usr/local/Ascend/cann-8.5.0/tools/bisheng_compiler/lib/clang/15.0.5 -dependency-file CMakeFiles/cmTC_a09c6.dir/CMakeCCompilerABI.c.o.d -MT CMakeFiles/cmTC_a09c6.dir/CMakeCCompilerABI.c.o -sys-header-deps -isystem /home/ntlab/miniconda3/include -internal-isystem /usr/local/Ascend/cann-8.5.0/tools/bisheng_compiler/lib/clang/15.0.5/include -internal-isystem /usr/local/include -internal-isystem /usr/lib/gcc/aarch64-openEuler-linux/12/../../../../aarch64-openEuler-linux/include -internal-externc-isystem /include -internal-externc-isystem /usr/include -O3 -fdebug-compilation-dir=/mnt/data/ntlab/haoran/pto-comm-isa/kernels/manual/a2a3/gemm_ar/build/CMakeFiles/CMakeTmp -ferror-limit 19 -stack-protector 2 -fno-signed-char -fgnuc-version=4.2.1 -vectorize-loops -vectorize-slp -target-feature +outline-atomics -faddrsig -D__GCC_HAVE_DWARF2_CFI_ASM=1 -o CMakeFiles/cmTC_a09c6.dir/CMakeCCompilerABI.c.o -x c /usr/share/cmake/Modules/CMakeCCompilerABI.c
clang -cc1 version 15.0.5 based upon LLVM 15.0.5 default target aarch64-unknown-linux-gnu
ignoring nonexistent directory "/usr/lib/gcc/aarch64-openEuler-linux/12/../../../../aarch64-openEuler-linux/include"
ignoring nonexistent directory "/include"
#include "..." search starts here:
#include <...> search starts here:
 /home/ntlab/miniconda3/include
 /usr/local/Ascend/cann-8.5.0/tools/bisheng_compiler/lib/clang/15.0.5/include
 /usr/local/include
 /usr/include
End of search list.
Linking C executable cmTC_a09c6
/usr/bin/cmake -E cmake_link_script CMakeFiles/cmTC_a09c6.dir/link.txt --verbose=1
/usr/local/Ascend/cann-8.5.0/bin/bisheng -ftree-vectorize -fPIC -fstack-protector-strong -fno-plt -O3 -pipe -isystem /home/ntlab/miniconda3/include  -Wl,-O2 -Wl,--sort-common -Wl,--as-needed -Wl,-z,relro -Wl,-z,now -Wl,--allow-shlib-undefined -Wl,-rpath,/home/ntlab/miniconda3/lib -Wl,-rpath-link,/home/ntlab/miniconda3/lib -L/home/ntlab/miniconda3/lib -v CMakeFiles/cmTC_a09c6.dir/CMakeCCompilerABI.c.o -o cmTC_a09c6 
2025-12-29T22:56:53+08:00 clang version 15.0.5
Target: aarch64-unknown-linux-gnu
Thread model: posix
InstalledDir: /usr/local/Ascend/cann-8.5.0/bin
Found candidate GCC installation: /usr/lib/gcc/aarch64-openEuler-linux/12
Selected GCC installation: /usr/lib/gcc/aarch64-openEuler-linux/12
Candidate multilib: .;@m64
Selected multilib: .;@m64
 "/usr/local/Ascend/cann-8.5.0/bin/cce-ld" /usr/local/Ascend/cann-8.5.0/bin/ld.lld -x -cce-aicore-arch=dav-m100 -pie -EL --eh-frame-hdr -m aarch64linux -dynamic-linker /lib/ld-linux-aarch64.so.1 -o cmTC_a09c6 /usr/lib/gcc/aarch64-openEuler-linux/12/../../../../lib64/Scrt1.o /usr/lib/gcc/aarch64-openEuler-linux/12/../../../../lib64/crti.o /usr/lib/gcc/aarch64-openEuler-linux/12/crtbeginS.o -L/home/ntlab/miniconda3/lib -L/usr/lib/gcc/aarch64-openEuler-linux/12 -L/usr/lib/gcc/aarch64-openEuler-linux/12/../../../../lib64 -L/lib/../lib64 -L/usr/lib/../lib64 -L/lib -L/usr/lib -cce-stub-dir /usr/local/Ascend/cann-8.5.0/tools/bisheng_compiler/lib/clang/15.0.5/include/cce_stub -cce-install-dir /usr/local/Ascend/cann-8.5.0/tools/bisheng_compiler/bin -O2 --sort-common --as-needed -z relro -z now --allow-shlib-undefined -rpath /home/ntlab/miniconda3/lib -rpath-link /home/ntlab/miniconda3/lib CMakeFiles/cmTC_a09c6.dir/CMakeCCompilerABI.c.o -lgcc --as-needed -lgcc_s --no-as-needed -lc -lgcc --as-needed -lgcc_s --no-as-needed /usr/lib/gcc/aarch64-openEuler-linux/12/crtendS.o /usr/lib/gcc/aarch64-openEuler-linux/12/../../../../lib64/crtn.o
gmake[1]: Leaving directory '/mnt/data/ntlab/haoran/pto-comm-isa/kernels/manual/a2a3/gemm_ar/build/CMakeFiles/CMakeTmp'



Parsed C implicit include dir info from above output: rv=done
  found start of include info
  found start of implicit include info
    add: [/home/ntlab/miniconda3/include]
    add: [/usr/local/Ascend/cann-8.5.0/tools/bisheng_compiler/lib/clang/15.0.5/include]
    add: [/usr/local/include]
    add: [/usr/include]
  end of search list found
  collapse include dir [/home/ntlab/miniconda3/include] ==> [/home/ntlab/miniconda3/include]
  collapse include dir [/usr/local/Ascend/cann-8.5.0/tools/bisheng_compiler/lib/clang/15.0.5/include] ==> [/usr/local/Ascend/cann-8.5.0/tools/bisheng_compiler/lib/clang/15.0.5/include]
  collapse include dir [/usr/local/include] ==> [/usr/local/include]
  collapse include dir [/usr/include] ==> [/usr/include]
  implicit include dirs: [/home/ntlab/miniconda3/include;/usr/local/Ascend/cann-8.5.0/tools/bisheng_compiler/lib/clang/15.0.5/include;/usr/local/include;/usr/include]


Parsed C implicit link information from above output:
  link line regex: [^( *|.*[/\])(ld\.lld|CMAKE_LINK_STARTFILE-NOTFOUND|([^/\]+-)?ld|collect2)[^/\]*( |$)]
  ignore line: [Change Dir: /mnt/data/ntlab/haoran/pto-comm-isa/kernels/manual/a2a3/gemm_ar/build/CMakeFiles/CMakeTmp]
  ignore line: []
  ignore line: [Run Build Command(s):/usr/bin/gmake -f Makefile cmTC_a09c6/fast && /usr/bin/gmake  -f CMakeFiles/cmTC_a09c6.dir/build.make CMakeFiles/cmTC_a09c6.dir/build]
  ignore line: [gmake[1]: Entering directory '/mnt/data/ntlab/haoran/pto-comm-isa/kernels/manual/a2a3/gemm_ar/build/CMakeFiles/CMakeTmp']
  ignore line: [Building C object CMakeFiles/cmTC_a09c6.dir/CMakeCCompilerABI.c.o]
  ignore line: [/usr/local/Ascend/cann-8.5.0/bin/bisheng   -ftree-vectorize -fPIC -fstack-protector-strong -fno-plt -O3 -pipe -isystem /home/ntlab/miniconda3/include    -v -MD -MT CMakeFiles/cmTC_a09c6.dir/CMakeCCompilerABI.c.o -MF CMakeFiles/cmTC_a09c6.dir/CMakeCCompilerABI.c.o.d -o CMakeFiles/cmTC_a09c6.dir/CMakeCCompilerABI.c.o -c /usr/share/cmake/Modules/CMakeCCompilerABI.c]
  ignore line: [2025-12-29T22:56:53+08:00 clang version 15.0.5]
  ignore line: [Target: aarch64-unknown-linux-gnu]
  ignore line: [Thread model: posix]
  ignore line: [InstalledDir: /usr/local/Ascend/cann-8.5.0/bin]
  ignore line: [Found candidate GCC installation: /usr/lib/gcc/aarch64-openEuler-linux/12]
  ignore line: [Selected GCC installation: /usr/lib/gcc/aarch64-openEuler-linux/12]
  ignore line: [Candidate multilib: .]
  ignore line: [@m64]
  ignore line: [Selected multilib: .]
  ignore line: [@m64]
  ignore line: [ (in-process)]
  ignore line: [ "/usr/local/Ascend/cann-8.5.0/tools/bisheng_compiler/bin/bisheng" -cc1 -triple aarch64-unknown-linux-gnu -emit-obj --mrelax-relocations -disable-free -clear-ast-before-backend -disable-llvm-verifier -discard-value-names -main-file-name CMakeCCompilerABI.c -mrelocation-model pic -pic-level 2 -fhalf-no-semantic-interposition -mframe-pointer=non-leaf -fmath-errno -ffp-contract=on -fno-rounding-math -mconstructor-aliases -fno-plt -funwind-tables=2 -target-cpu generic -target-feature +neon -target-feature +v8a -target-abi aapcs -fallow-half-arguments-and-returns -mllvm -treat-scalable-fixed-error-as-warning -debugger-tuning=gdb -v -fcoverage-compilation-dir=/mnt/data/ntlab/haoran/pto-comm-isa/kernels/manual/a2a3/gemm_ar/build/CMakeFiles/CMakeTmp -resource-dir /usr/local/Ascend/cann-8.5.0/tools/bisheng_compiler/lib/clang/15.0.5 -dependency-file CMakeFiles/cmTC_a09c6.dir/CMakeCCompilerABI.c.o.d -MT CMakeFiles/cmTC_a09c6.dir/CMakeCCompilerABI.c.o -sys-header-deps -isystem /home/ntlab/miniconda3/include -internal-isystem /usr/local/Ascend/cann-8.5.0/tools/bisheng_compiler/lib/clang/15.0.5/include -internal-isystem /usr/local/include -internal-isystem /usr/lib/gcc/aarch64-openEuler-linux/12/../../../../aarch64-openEuler-linux/include -internal-externc-isystem /include -internal-externc-isystem /usr/include -O3 -fdebug-compilation-dir=/mnt/data/ntlab/haoran/pto-comm-isa/kernels/manual/a2a3/gemm_ar/build/CMakeFiles/CMakeTmp -ferror-limit 19 -stack-protector 2 -fno-signed-char -fgnuc-version=4.2.1 -vectorize-loops -vectorize-slp -target-feature +outline-atomics -faddrsig -D__GCC_HAVE_DWARF2_CFI_ASM=1 -o CMakeFiles/cmTC_a09c6.dir/CMakeCCompilerABI.c.o -x c /usr/share/cmake/Modules/CMakeCCompilerABI.c]
  ignore line: [clang -cc1 version 15.0.5 based upon LLVM 15.0.5 default target aarch64-unknown-linux-gnu]
  ignore line: [ignoring nonexistent directory "/usr/lib/gcc/aarch64-openEuler-linux/12/../../../../aarch64-openEuler-linux/include"]
  ignore line: [ignoring nonexistent directory "/include"]
  ignore line: [#include "..." search starts here:]
  ignore line: [#include <...> search starts here:]
  ignore line: [ /home/ntlab/miniconda3/include]
  ignore line: [ /usr/local/Ascend/cann-8.5.0/tools/bisheng_compiler/lib/clang/15.0.5/include]
  ignore line: [ /usr/local/include]
  ignore line: [ /usr/include]
  ignore line: [End of search list.]
  ignore line: [Linking C executable cmTC_a09c6]
  ignore line: [/usr/bin/cmake -E cmake_link_script CMakeFiles/cmTC_a09c6.dir/link.txt --verbose=1]
  ignore line: [/usr/local/Ascend/cann-8.5.0/bin/bisheng -ftree-vectorize -fPIC -fstack-protector-strong -fno-plt -O3 -pipe -isystem /home/ntlab/miniconda3/include  -Wl -O2 -Wl --sort-common -Wl --as-needed -Wl -z relro -Wl -z now -Wl --allow-shlib-undefined -Wl -rpath /home/ntlab/miniconda3/lib -Wl -rpath-link /home/ntlab/miniconda3/lib -L/home/ntlab/miniconda3/lib -v CMakeFiles/cmTC_a09c6.dir/CMakeCCompilerABI.c.o -o cmTC_a09c6 ]
  ignore line: [2025-12-29T22:56:53+08:00 clang version 15.0.5]
  ignore line: [Target: aarch64-unknown-linux-gnu]
  ignore line: [Thread model: posix]
  ignore line: [InstalledDir: /usr/local/Ascend/cann-8.5.0/bin]
  ignore line: [Found candidate GCC installation: /usr/lib/gcc/aarch64-openEuler-linux/12]
  ignore line: [Selected GCC installation: /usr/lib/gcc/aarch64-openEuler-linux/12]
  ignore line: [Candidate multilib: .]
  ignore line: [@m64]
  ignore line: [Selected multilib: .]
  ignore line: [@m64]
  link line: [ "/usr/local/Ascend/cann-8.5.0/bin/cce-ld" /usr/local/Ascend/cann-8.5.0/bin/ld.lld -x -cce-aicore-arch=dav-m100 -pie -EL --eh-frame-hdr -m aarch64linux -dynamic-linker /lib/ld-linux-aarch64.so.1 -o cmTC_a09c6 /usr/lib/gcc/aarch64-openEuler-linux/12/../../../../lib64/Scrt1.o /usr/lib/gcc/aarch64-openEuler-linux/12/../../../../lib64/crti.o /usr/lib/gcc/aarch64-openEuler-linux/12/crtbeginS.o -L/home/ntlab/miniconda3/lib -L/usr/lib/gcc/aarch64-openEuler-linux/12 -L/usr/lib/gcc/aarch64-openEuler-linux/12/../../../../lib64 -L/lib/../lib64 -L/usr/lib/../lib64 -L/lib -L/usr/lib -cce-stub-dir /usr/local/Ascend/cann-8.5.0/tools/bisheng_compiler/lib/clang/15.0.5/include/cce_stub -cce-install-dir /usr/local/Ascend/cann-8.5.0/tools/bisheng_compiler/bin -O2 --sort-common --as-needed -z relro -z now --allow-shlib-undefined -rpath /home/ntlab/miniconda3/lib -rpath-link /home/ntlab/miniconda3/lib CMakeFiles/cmTC_a09c6.dir/CMakeCCompilerABI.c.o -lgcc --as-needed -lgcc_s --no-as-needed -lc -lgcc --as-needed -lgcc_s --no-as-needed /usr/lib/gcc/aarch64-openEuler-linux/12/crtendS.o /usr/lib/gcc/aarch64-openEuler-linux/12/../../../../lib64/crtn.o]
    arg [/usr/local/Ascend/cann-8.5.0/bin/cce-ld] ==> ignore
    arg [/usr/local/Ascend/cann-8.5.0/bin/ld.lld] ==> ignore
    arg [-x] ==> ignore
    arg [-cce-aicore-arch=dav-m100] ==> ignore
    arg [-pie] ==> ignore
    arg [-EL] ==> ignore
    arg [--eh-frame-hdr] ==> ignore
    arg [-m] ==> ignore
    arg [aarch64linux] ==> ignore
    arg [-dynamic-linker] ==> ignore
    arg [/lib/ld-linux-aarch64.so.1] ==> ignore
    arg [-o] ==> ignore
    arg [cmTC_a09c6] ==> ignore
    arg [/usr/lib/gcc/aarch64-openEuler-linux/12/../../../../lib64/Scrt1.o] ==> obj [/usr/lib/gcc/aarch64-openEuler-linux/12/../../../../lib64/Scrt1.o]
    arg [/usr/lib/gcc/aarch64-openEuler-linux/12/../../../../lib64/crti.o] ==> obj [/usr/lib/gcc/aarch64-openEuler-linux/12/../../../../lib64/crti.o]
    arg [/usr/lib/gcc/aarch64-openEuler-linux/12/crtbeginS.o] ==> obj [/usr/lib/gcc/aarch64-openEuler-linux/12/crtbeginS.o]
    arg [-L/home/ntlab/miniconda3/lib] ==> dir [/home/ntlab/miniconda3/lib]
    arg [-L/usr/lib/gcc/aarch64-openEuler-linux/12] ==> dir [/usr/lib/gcc/aarch64-openEuler-linux/12]
    arg [-L/usr/lib/gcc/aarch64-openEuler-linux/12/../../../../lib64] ==> dir [/usr/lib/gcc/aarch64-openEuler-linux/12/../../../../lib64]
    arg [-L/lib/../lib64] ==> dir [/lib/../lib64]
    arg [-L/usr/lib/../lib64] ==> dir [/usr/lib/../lib64]
    arg [-L/lib] ==> dir [/lib]
    arg [-L/usr/lib] ==> dir [/usr/lib]
    arg [-cce-stub-dir] ==> ignore
    arg [/usr/local/Ascend/cann-8.5.0/tools/bisheng_compiler/lib/clang/15.0.5/include/cce_stub] ==> ignore
    arg [-cce-install-dir] ==> ignore
    arg [/usr/local/Ascend/cann-8.5.0/tools/bisheng_compiler/bin] ==> ignore
    arg [-O2] ==> ignore
    arg [--sort-common] ==> ignore
    arg [--as-needed] ==> ignore
    arg [-zrelro] ==> ignore
    arg [-znow] ==> ignore
    arg [--allow-shlib-undefined] ==> ignore
    arg [-rpath] ==> ignore
    arg [/home/ntlab/miniconda3/lib] ==> ignore
    arg [-rpath-link] ==> ignore
    arg [/home/ntlab/miniconda3/lib] ==> ignore
    arg [CMakeFiles/cmTC_a09c6.dir/CMakeCCompilerABI.c.o] ==> ignore
    arg [-lgcc] ==> lib [gcc]
    arg [--as-needed] ==> ignore
    arg [-lgcc_s] ==> lib [gcc_s]
    arg [--no-as-needed] ==> ignore
    arg [-lc] ==> lib [c]
    arg [-lgcc] ==> lib [gcc]
    arg [--as-needed] ==> ignore
    arg [-lgcc_s] ==> lib [gcc_s]
    arg [--no-as-needed] ==> ignore
    arg [/usr/lib/gcc/aarch64-openEuler-linux/12/crtendS.o] ==> obj [/usr/lib/gcc/aarch64-openEuler-linux/12/crtendS.o]
    arg [/usr/lib/gcc/aarch64-openEuler-linux/12/../../../../lib64/crtn.o] ==> obj [/usr/lib/gcc/aarch64-openEuler-linux/12/../../../../lib64/crtn.o]
  collapse obj [/usr/lib/gcc/aarch64-openEuler-linux/12/../../../../lib64/Scrt1.o] ==> [/usr/lib64/Scrt1.o]
  collapse obj [/usr/lib/gcc/aarch64-openEuler-linux/12/../../../../lib64/crti.o] ==> [/usr/lib64/crti.o]
  collapse obj [/usr/lib/gcc/aarch64-openEuler-linux/12/../../../../lib64/crtn.o] ==> [/usr/lib64/crtn.o]
  collapse library dir [/home/ntlab/miniconda3/lib] ==> [/home/ntlab/miniconda3/lib]
  collapse library dir [/usr/lib/gcc/aarch64-openEuler-linux/12] ==> [/usr/lib/gcc/aarch64-openEuler-linux/12]
  collapse library dir [/usr/lib/gcc/aarch64-openEuler-linux/12/../../../../lib64] ==> [/usr/lib64]
  collapse library dir [/lib/../lib64] ==> [/lib64]
  collapse library dir [/usr/lib/../lib64] ==> [/usr/lib64]
  collapse library dir [/lib] ==> [/lib]
  collapse library dir [/usr/lib] ==> [/usr/lib]
  implicit libs: [gcc;gcc_s;c;gcc;gcc_s]
  implicit objs: [/usr/lib64/Scrt1.o;/usr/lib64/crti.o;/usr/lib/gcc/aarch64-openEuler-linux/12/crtbeginS.o;/usr/lib/gcc/aarch64-openEuler-linux/12/crtendS.o;/usr/lib64/crtn.o]
  implicit dirs: [/home/ntlab/miniconda3/lib;/usr/lib/gcc/aarch64-openEuler-linux/12;/usr/lib64;/lib64;/lib;/usr/lib]
  implicit fwks: []


Detecting CXX compiler ABI info compiled with the following output:
Change Dir: /mnt/data/ntlab/haoran/pto-comm-isa/kernels/manual/a2a3/gemm_ar/build/CMakeFiles/CMakeTmp

Run Build Command(s):/usr/bin/gmake -f Makefile cmTC_68ac7/fast && /usr/bin/gmake  -f CMakeFiles/cmTC_68ac7.dir/build.make CMakeFiles/cmTC_68ac7.dir/build
gmake[1]: Entering directory '/mnt/data/ntlab/haoran/pto-comm-isa/kernels/manual/a2a3/gemm_ar/build/CMakeFiles/CMakeTmp'
Building CXX object CMakeFiles/cmTC_68ac7.dir/CMakeCXXCompilerABI.cpp.o
/usr/local/Ascend/cann-8.5.0/bin/bisheng   -fvisibility-inlines-hidden -fmessage-length=0 -ftree-vectorize -fPIC -fstack-protector-strong -fno-plt -O3 -pipe -isystem /home/ntlab/miniconda3/include    -v -MD -MT CMakeFiles/cmTC_68ac7.dir/CMakeCXXCompilerABI.cpp.o -MF CMakeFiles/cmTC_68ac7.dir/CMakeCXXCompilerABI.cpp.o.d -o CMakeFiles/cmTC_68ac7.dir/CMakeCXXCompilerABI.cpp.o -c /usr/share/cmake/Modules/CMakeCXXCompilerABI.cpp
2025-12-29T22:56:53+08:00 clang version 15.0.5
Target: aarch64-unknown-linux-gnu
Thread model: posix
InstalledDir: /usr/local/Ascend/cann-8.5.0/bin
Found candidate GCC installation: /usr/lib/gcc/aarch64-openEuler-linux/12
Selected GCC installation: /usr/lib/gcc/aarch64-openEuler-linux/12
Candidate multilib: .;@m64
Selected multilib: .;@m64
 (in-process)
 "/usr/local/Ascend/cann-8.5.0/tools/bisheng_compiler/bin/bisheng" -cc1 -triple aarch64-unknown-linux-gnu -emit-obj --mrelax-relocations -disable-free -clear-ast-before-backend -disable-llvm-verifier -discard-value-names -main-file-name CMakeCXXCompilerABI.cpp -mrelocation-model pic -pic-level 2 -fhalf-no-semantic-interposition -mframe-pointer=non-leaf -fmath-errno -ffp-contract=on -fno-rounding-math -mconstructor-aliases -fno-plt -funwind-tables=2 -target-cpu generic -target-feature +neon -target-feature +v8a -target-abi aapcs -fallow-half-arguments-and-returns -mllvm -treat-scalable-fixed-error-as-warning -debugger-tuning=gdb -v -fcoverage-compilation-dir=/mnt/data/ntlab/haoran/pto-comm-isa/kernels/manual/a2a3/gemm_ar/build/CMakeFiles/CMakeTmp -resource-dir /usr/local/Ascend/cann-8.5.0/tools/bisheng_compiler/lib/clang/15.0.5 -dependency-file CMakeFiles/cmTC_68ac7.dir/CMakeCXXCompilerABI.cpp.o.d -MT CMakeFiles/cmTC_68ac7.dir/CMakeCXXCompilerABI.cpp.o -sys-header-deps -isystem /home/ntlab/miniconda3/include -internal-isystem /usr/lib/gcc/aarch64-openEuler-linux/12/../../../../include/c++/12 -internal-isystem /usr/lib/gcc/aarch64-openEuler-linux/12/../../../../include/c++/12/aarch64-openEuler-linux -internal-isystem /usr/lib/gcc/aarch64-openEuler-linux/12/../../../../include/c++/12/backward -internal-isystem /usr/local/Ascend/cann-8.5.0/tools/bisheng_compiler/lib/clang/15.0.5/include -internal-isystem /usr/local/include -internal-isystem /usr/lib/gcc/aarch64-openEuler-linux/12/../../../../aarch64-openEuler-linux/include -internal-externc-isystem /include -internal-externc-isystem /usr/include -O3 -fdeprecated-macro -fdebug-compilation-dir=/mnt/data/ntlab/haoran/pto-comm-isa/kernels/manual/a2a3/gemm_ar/build/CMakeFiles/CMakeTmp -ferror-limit 19 -fvisibility-inlines-hidden -stack-protector 2 -fno-signed-char -fgnuc-version=4.2.1 -fcxx-exceptions -fexceptions -vectorize-loops -vectorize-slp -target-feature +outline-atomics -faddrsig -D__GCC_HAVE_DWARF2_CFI_ASM=1 -o CMakeFiles/cmTC_68ac7.dir/CMakeCXXCompilerABI.cpp.o -x c++ /usr/share/cmake/Modules/CMakeCXXCompilerABI.cpp
clang -cc1 version 15.0.5 based upon LLVM 15.0.5 default target aarch64-unknown-linux-gnu
ignoring nonexistent directory "/usr/lib/gcc/aarch64-openEuler-linux/12/../../../../aarch64-openEuler-linux/include"
ignoring nonexistent directory "/include"
#include "..." search starts here:
#include <...> search starts here:
 /home/ntlab/miniconda3/include
 /usr/lib/gcc/aarch64-openEuler-linux/12/../../../../include/c++/12
 /usr/lib/gcc/aarch64-openEuler-linux/12/../../../../include/c++/12/aarch64-openEuler-linux
 /usr/lib/gcc/aarch64-openEuler-linux/12/../../../../include/c++/12/backward
 /usr/local/Ascend/cann-8.5.0/tools/bisheng_compiler/lib/clang/15.0.5/include
 /usr/local/include
 /usr/include
End of search list.
Linking CXX executable cmTC_68ac7
/usr/bin/cmake -E cmake_link_script CMakeFiles/cmTC_68ac7.dir/link.txt --verbose=1
/usr/local/Ascend/cann-8.5.0/bin/bisheng -fvisibility-inlines-hidden -fmessage-length=0 -ftree-vectorize -fPIC -fstack-protector-strong -fno-plt -O3 -pipe -isystem /home/ntlab/miniconda3/include  -Wl,-O2 -Wl,--sort-common -Wl,--as-needed -Wl,-z,relro -Wl,-z,now -Wl,--allow-shlib-undefined -Wl,-rpath,/home/ntlab/miniconda3/lib -Wl,-rpath-link,/home/ntlab/miniconda3/lib -L/home/ntlab/miniconda3/lib -v CMakeFiles/cmTC_68ac7.dir/CMakeCXXCompilerABI.cpp.o -o cmTC_68ac7 
2025-12-29T22:56:53+08:00 clang version 15.0.5
Target: aarch64-unknown-linux-gnu
Thread model: posix
InstalledDir: /usr/local/Ascend/cann-8.5.0/bin
Found candidate GCC installation: /usr/lib/gcc/aarch64-openEuler-linux/12
Selected GCC installation: /usr/lib/gcc/aarch64-openEuler-linux/12
Candidate multilib: .;@m64
Selected multilib: .;@m64
 "/usr/local/Ascend/cann-8.5.0/bin/cce-ld" /usr/local/Ascend/cann-8.5.0/bin/ld.lld -x -cce-aicore-arch=dav-m100 -pie -EL --eh-frame-hdr -m aarch64linux -dynamic-linker /lib/ld-linux-aarch64.so.1 -o cmTC_68ac7 /usr/lib/gcc/aarch64-openEuler-linux/12/../../../../lib64/Scrt1.o /usr/lib/gcc/aarch64-openEuler-linux/12/../../../../lib64/crti.o /usr/lib/gcc/aarch64-openEuler-linux/12/crtbeginS.o -L/home/ntlab/miniconda3/lib -L/usr/lib/gcc/aarch64-openEuler-linux/12 -L/usr/lib/gcc/aarch64-openEuler-linux/12/../../../../lib64 -L/lib/../lib64 -L/usr/lib/../lib64 -L/lib -L/usr/lib -cce-stub-dir /usr/local/Ascend/cann-8.5.0/tools/bisheng_compiler/lib/clang/15.0.5/include/cce_stub -cce-install-dir /usr/local/Ascend/cann-8.5.0/tools/bisheng_compiler/bin -O2 --sort-common --as-needed -z relro -z now --allow-shlib-undefined -rpath /home/ntlab/miniconda3/lib -rpath-link /home/ntlab/miniconda3/lib CMakeFiles/cmTC_68ac7.dir/CMakeCXXCompilerABI.cpp.o -lgcc --as-needed -lgcc_s --no-as-needed -lc -lgcc --as-needed -lgcc_s --no-as-needed /usr/lib/gcc/aarch64-openEuler-linux/12/crtendS.o /usr/lib/gcc/aarch64-openEuler-linux/12/../../../../lib64/crtn.o
gmake[1]: Leaving directory '/mnt/data/ntlab/haoran/pto-comm-isa/kernels/manual/a2a3/gemm_ar/build/CMakeFiles/CMakeTmp'



Parsed CXX implicit include dir info from above output: rv=done
  found start of include info
  found start of implicit include info
    add: [/home/ntlab/miniconda3/include]
    add: [/usr/lib/gcc/aarch64-openEuler-linux/12/../../../../include/c++/12]
    add: [/usr/lib/gcc/aarch64-openEuler-linux/12/../../../../include/c++/12/aarch64-openEuler-linux]
    add: [/usr/lib/gcc/aarch64-openEuler-linux/12/../../../../include/c++/12/backward]
    add: [/usr/local/Ascend/cann-8.5.0/tools/bisheng_compiler/lib/clang/15.0.5/include]
    add: [/usr/local/include]
    add: [/usr/include]
  end of search list found
  collapse include dir [/home/ntlab/miniconda3/include] ==> [/home/ntlab/miniconda3/include]
  collapse include dir [/usr/lib/gcc/aarch64-openEuler-linux/12/../../../../include/c++/12] ==> [/usr/include/c++/12]
  collapse include dir [/usr/lib/gcc/aarch64-openEuler-linux/12/../../../../include/c++/12/aarch64-openEuler-linux] ==> [/usr/include/c++/12/aarch64-openEuler-linux]
  collapse include dir [/usr/lib/gcc/aarch64-openEuler-linux/12/../../../../include/c++/12/backward] ==> [/usr/include/c++/12/backward]
  collapse include dir [/usr/local/Ascend/cann-8.5.0/tools/bisheng_compiler/lib/clang/15.0.5/include] ==> [/usr/local/Ascend/cann-8.5.0/tools/bisheng_compiler/lib/clang/15.0.5/include]
  collapse include dir [/usr/local/include] ==> [/usr/local/include]
  collapse include dir [/usr/include] ==> [/usr/include]
  implicit include dirs: [/home/ntlab/miniconda3/include;/usr/include/c++/12;/usr/include/c++/12/aarch64-openEuler-linux;/usr/include/c++/12/backward;/usr/local/Ascend/cann-8.5.0/tools/bisheng_compiler/lib/clang/15.0.5/include;/usr/local/include;/usr/include]


Parsed CXX implicit link information from above output:
  link line regex: [^( *|.*[/\])(ld\.lld|CMAKE_LINK_STARTFILE-NOTFOUND|([^/\]+-)?ld|collect2)[^/\]*( |$)]
  ignore line: [Change Dir: /mnt/data/ntlab/haoran/pto-comm-isa/kernels/manual/a2a3/gemm_ar/build/CMakeFiles/CMakeTmp]
  ignore line: []
  ignore line: [Run Build Command(s):/usr/bin/gmake -f Makefile cmTC_68ac7/fast && /usr/bin/gmake  -f CMakeFiles/cmTC_68ac7.dir/build.make CMakeFiles/cmTC_68ac7.dir/build]
  ignore line: [gmake[1]: Entering directory '/mnt/data/ntlab/haoran/pto-comm-isa/kernels/manual/a2a3/gemm_ar/build/CMakeFiles/CMakeTmp']
  ignore line: [Building CXX object CMakeFiles/cmTC_68ac7.dir/CMakeCXXCompilerABI.cpp.o]
  ignore line: [/usr/local/Ascend/cann-8.5.0/bin/bisheng   -fvisibility-inlines-hidden -fmessage-length=0 -ftree-vectorize -fPIC -fstack-protector-strong -fno-plt -O3 -pipe -isystem /home/ntlab/miniconda3/include    -v -MD -MT CMakeFiles/cmTC_68ac7.dir/CMakeCXXCompilerABI.cpp.o -MF CMakeFiles/cmTC_68ac7.dir/CMakeCXXCompilerABI.cpp.o.d -o CMakeFiles/cmTC_68ac7.dir/CMakeCXXCompilerABI.cpp.o -c /usr/share/cmake/Modules/CMakeCXXCompilerABI.cpp]
  ignore line: [2025-12-29T22:56:53+08:00 clang version 15.0.5]
  ignore line: [Target: aarch64-unknown-linux-gnu]
  ignore line: [Thread model: posix]
  ignore line: [InstalledDir: /usr/local/Ascend/cann-8.5.0/bin]
  ignore line: [Found candidate GCC installation: /usr/lib/gcc/aarch64-openEuler-linux/12]
  ignore line: [Selected GCC installation: /usr/lib/gcc/aarch64-openEuler-linux/12]
  ignore line: [Candidate multilib: .]
  ignore line: [@m64]
  ignore line: [Selected multilib: .]
  ignore line: [@m64]
  ignore line: [ (in-process)]
  ignore line: [ "/usr/local/Ascend/cann-8.5.0/tools/bisheng_compiler/bin/bisheng" -cc1 -triple aarch64-unknown-linux-gnu -emit-obj --mrelax-relocations -disable-free -clear-ast-before-backend -disable-llvm-verifier -discard-value-names -main-file-name CMakeCXXCompilerABI.cpp -mrelocation-model pic -pic-level 2 -fhalf-no-semantic-interposition -mframe-pointer=non-leaf -fmath-errno -ffp-contract=on -fno-rounding-math -mconstructor-aliases -fno-plt -funwind-tables=2 -target-cpu generic -target-feature +neon -target-feature +v8a -target-abi aapcs -fallow-half-arguments-and-returns -mllvm -treat-scalable-fixed-error-as-warning -debugger-tuning=gdb -v -fcoverage-compilation-dir=/mnt/data/ntlab/haoran/pto-comm-isa/kernels/manual/a2a3/gemm_ar/build/CMakeFiles/CMakeTmp -resource-dir /usr/local/Ascend/cann-8.5.0/tools/bisheng_compiler/lib/clang/15.0.5 -dependency-file CMakeFiles/cmTC_68ac7.dir/CMakeCXXCompilerABI.cpp.o.d -MT CMakeFiles/cmTC_68ac7.dir/CMakeCXXCompilerABI.cpp.o -sys-header-deps -isystem /home/ntlab/miniconda3/include -internal-isystem /usr/lib/gcc/aarch64-openEuler-linux/12/../../../../include/c++/12 -internal-isystem /usr/lib/gcc/aarch64-openEuler-linux/12/../../../../include/c++/12/aarch64-openEuler-linux -internal-isystem /usr/lib/gcc/aarch64-openEuler-linux/12/../../../../include/c++/12/backward -internal-isystem /usr/local/Ascend/cann-8.5.0/tools/bisheng_compiler/lib/clang/15.0.5/include -internal-isystem /usr/local/include -internal-isystem /usr/lib/gcc/aarch64-openEuler-linux/12/../../../../aarch64-openEuler-linux/include -internal-externc-isystem /include -internal-externc-isystem /usr/include -O3 -fdeprecated-macro -fdebug-compilation-dir=/mnt/data/ntlab/haoran/pto-comm-isa/kernels/manual/a2a3/gemm_ar/build/CMakeFiles/CMakeTmp -ferror-limit 19 -fvisibility-inlines-hidden -stack-protector 2 -fno-signed-char -fgnuc-version=4.2.1 -fcxx-exceptions -fexceptions -vectorize-loops -vectorize-slp -target-feature +outline-atomics -faddrsig -D__GCC_HAVE_DWARF2_CFI_ASM=1 -o CMakeFiles/cmTC_68ac7.dir/CMakeCXXCompilerABI.cpp.o -x c++ /usr/share/cmake/Modules/CMakeCXXCompilerABI.cpp]
  ignore line: [clang -cc1 version 15.0.5 based upon LLVM 15.0.5 default target aarch64-unknown-linux-gnu]
  ignore line: [ignoring nonexistent directory "/usr/lib/gcc/aarch64-openEuler-linux/12/../../../../aarch64-openEuler-linux/include"]
  ignore line: [ignoring nonexistent directory "/include"]
  ignore line: [#include "..." search starts here:]
  ignore line: [#include <...> search starts here:]
  ignore line: [ /home/ntlab/miniconda3/include]
  ignore line: [ /usr/lib/gcc/aarch64-openEuler-linux/12/../../../../include/c++/12]
  ignore line: [ /usr/lib/gcc/aarch64-openEuler-linux/12/../../../../include/c++/12/aarch64-openEuler-linux]
  ignore line: [ /usr/lib/gcc/aarch64-openEuler-linux/12/../../../../include/c++/12/backward]
  ignore line: [ /usr/local/Ascend/cann-8.5.0/tools/bisheng_compiler/lib/clang/15.0.5/include]
  ignore line: [ /usr/local/include]
  ignore line: [ /usr/include]
  ignore line: [End of search list.]
  ignore line: [Linking CXX executable cmTC_68ac7]
  ignore line: [/usr/bin/cmake -E cmake_link_script CMakeFiles/cmTC_68ac7.dir/link.txt --verbose=1]
  ignore line: [/usr/local/Ascend/cann-8.5.0/bin/bisheng -fvisibility-inlines-hidden -fmessage-length=0 -ftree-vectorize -fPIC -fstack-protector-strong -fno-plt -O3 -pipe -isystem /home/ntlab/miniconda3/include  -Wl -O2 -Wl --sort-common -Wl --as-needed -Wl -z relro -Wl -z now -Wl --allow-shlib-undefined -Wl -rpath /home/ntlab/miniconda3/lib -Wl -rpath-link /home/ntlab/miniconda3/lib -L/home/ntlab/miniconda3/lib -v CMakeFiles/cmTC_68ac7.dir/CMakeCXXCompilerABI.cpp.o -o cmTC_68ac7 ]
  ignore line: [2025-12-29T22:56:53+08:00 clang version 15.0.5]
  ignore line: [Target: aarch64-unknown-linux-gnu]
  ignore line: [Thread model: posix]
  ignore line: [InstalledDir: /usr/local/Ascend/cann-8.5.0/bin]
  ignore line: [Found candidate GCC installation: /usr/lib/gcc/aarch64-openEuler-linux/12]
  ignore line: [Selected GCC installation: /usr/lib/gcc/aarch64-openEuler-linux/12]
  ignore line: [Candidate multilib: .]
  ignore line: [@m64]
  ignore line: [Selected multilib: .]
  ignore line: [@m64]
  link line: [ "/usr/local/Ascend/cann-8.5.0/bin/cce-ld" /usr/local/Ascend/cann-8.5.0/bin/ld.lld -x -cce-aicore-arch=dav-m100 -pie -EL --eh-frame-hdr -m aarch64linux -dynamic-linker /lib/ld-linux-aarch64.so.1 -o cmTC_68ac7 /usr/lib/gcc/aarch64-openEuler-linux/12/../../../../lib64/Scrt1.o /usr/lib/gcc/aarch64-openEuler-linux/12/../../../../lib64/crti.o /usr/lib/gcc/aarch64-openEuler-linux/12/crtbeginS.o -L/home/ntlab/miniconda3/lib -L/usr/lib/gcc/aarch64-openEuler-linux/12 -L/usr/lib/gcc/aarch64-openEuler-linux/12/../../../../lib64 -L/lib/../lib64 -L/usr/lib/../lib64 -L/lib -L/usr/lib -cce-stub-dir /usr/local/Ascend/cann-8.5.0/tools/bisheng_compiler/lib/clang/15.0.5/include/cce_stub -cce-install-dir /usr/local/Ascend/cann-8.5.0/tools/bisheng_compiler/bin -O2 --sort-common --as-needed -z relro -z now --allow-shlib-undefined -rpath /home/ntlab/miniconda3/lib -rpath-link /home/ntlab/miniconda3/lib CMakeFiles/cmTC_68ac7.dir/CMakeCXXCompilerABI.cpp.o -lgcc --as-needed -lgcc_s --no-as-needed -lc -lgcc --as-needed -lgcc_s --no-as-needed /usr/lib/gcc/aarch64-openEuler-linux/12/crtendS.o /usr/lib/gcc/aarch64-openEuler-linux/12/../../../../lib64/crtn.o]
    arg [/usr/local/Ascend/cann-8.5.0/bin/cce-ld] ==> ignore
    arg [/usr/local/Ascend/cann-8.5.0/bin/ld.lld] ==> ignore
    arg [-x] ==> ignore
    arg [-cce-aicore-arch=dav-m100] ==> ignore
    arg [-pie] ==> ignore
    arg [-EL] ==> ignore
    arg [--eh-frame-hdr] ==> ignore
    arg [-m] ==> ignore
    arg [aarch64linux] ==> ignore
    arg [-dynamic-linker] ==> ignore
    arg [/lib/ld-linux-aarch64.so.1] ==> ignore
    arg [-o] ==> ignore
    arg [cmTC_68ac7] ==> ignore
    arg [/usr/lib/gcc/aarch64-openEuler-linux/12/../../../../lib64/Scrt1.o] ==> obj [/usr/lib/gcc/aarch64-openEuler-linux/12/../../../../lib64/Scrt1.o]
    arg [/usr/lib/gcc/aarch64-openEuler-linux/12/../../../../lib64/crti.o] ==> obj [/usr/lib/gcc/aarch64-openEuler-linux/12/../../../../lib64/crti.o]
    arg [/usr/lib/gcc/aarch64-openEuler-linux/12/crtbeginS.o] ==> obj [/usr/lib/gcc/aarch64-openEuler-linux/12/crtbeginS.o]
    arg [-L/home/ntlab/miniconda3/lib] ==> dir [/home/ntlab/miniconda3/lib]
    arg [-L/usr/lib/gcc/aarch64-openEuler-linux/12] ==> dir [/usr/lib/gcc/aarch64-openEuler-linux/12]
    arg [-L/usr/lib/gcc/aarch64-openEuler-linux/12/../../../../lib64] ==> dir [/usr/lib/gcc/aarch64-openEuler-linux/12/../../../../lib64]
    arg [-L/lib/../lib64] ==> dir [/lib/../lib64]
    arg [-L/usr/lib/../lib64] ==> dir [/usr/lib/../lib64]
    arg [-L/lib] ==> dir [/lib]
    arg [-L/usr/lib] ==> dir [/usr/lib]
    arg [-cce-stub-dir] ==> ignore
    arg [/usr/local/Ascend/cann-8.5.0/tools/bisheng_compiler/lib/clang/15.0.5/include/cce_stub] ==> ignore
    arg [-cce-install-dir] ==> ignore
    arg [/usr/local/Ascend/cann-8.5.0/tools/bisheng_compiler/bin] ==> ignore
    arg [-O2] ==> ignore
    arg [--sort-common] ==> ignore
    arg [--as-needed] ==> ignore
    arg [-zrelro] ==> ignore
    arg [-znow] ==> ignore
    arg [--allow-shlib-undefined] ==> ignore
    arg [-rpath] ==> ignore
    arg [/home/ntlab/miniconda3/lib] ==> ignore
    arg [-rpath-link] ==> ignore
    arg [/home/ntlab/miniconda3/lib] ==> ignore
    arg [CMakeFiles/cmTC_68ac7.dir/CMakeCXXCompilerABI.cpp.o] ==> ignore
    arg [-lgcc] ==> lib [gcc]
    arg [--as-needed] ==> ignore
    arg [-lgcc_s] ==> lib [gcc_s]
    arg [--no-as-needed] ==> ignore
    arg [-lc] ==> lib [c]
    arg [-lgcc] ==> lib [gcc]
    arg [--as-needed] ==> ignore
    arg [-lgcc_s] ==> lib [gcc_s]
    arg [--no-as-needed] ==> ignore
    arg [/usr/lib/gcc/aarch64-openEuler-linux/12/crtendS.o] ==> obj [/usr/lib/gcc/aarch64-openEuler-linux/12/crtendS.o]
    arg [/usr/lib/gcc/aarch64-openEuler-linux/12/../../../../lib64/crtn.o] ==> obj [/usr/lib/gcc/aarch64-openEuler-linux/12/../../../../lib64/crtn.o]
  collapse obj [/usr/lib/gcc/aarch64-openEuler-linux/12/../../../../lib64/Scrt1.o] ==> [/usr/lib64/Scrt1.o]
  collapse obj [/usr/lib/gcc/aarch64-openEuler-linux/12/../../../../lib64/crti.o] ==> [/usr/lib64/crti.o]
  collapse obj [/usr/lib/gcc/aarch64-openEuler-linux/12/../../../../lib64/crtn.o] ==> [/usr/lib64/crtn.o]
  collapse library dir [/home/ntlab/miniconda3/lib] ==> [/home/ntlab/miniconda3/lib]
  collapse library dir [/usr/lib/gcc/aarch64-openEuler-linux/12] ==> [/usr/lib/gcc/aarch64-openEuler-linux/12]
  collapse library dir [/usr/lib/gcc/aarch64-openEuler-linux/12/../../../../lib64] ==> [/usr/lib64]
  collapse library dir [/lib/../lib64] ==> [/lib64]
  collapse library dir [/usr/lib/../lib64] ==> [/usr/lib64]
  collapse library dir [/lib] ==> [/lib]
  collapse library dir [/usr/lib] ==> [/usr/lib]
  implicit libs: [gcc;gcc_s;c;gcc;gcc_s]
  implicit objs: [/usr/lib64/Scrt1.o;/usr/lib64/crti.o;/usr/lib/gcc/aarch64-openEuler-linux/12/crtbeginS.o;/usr/lib/gcc/aarch64-openEuler-linux/12/crtendS.o;/usr/lib64/crtn.o]
  implicit dirs: [/home/ntlab/miniconda3/lib;/usr/lib/gcc/aarch64-openEuler-linux/12;/usr/lib64;/lib64;/lib;/usr/lib]
  implicit fwks: []


